[onemorearts.com/index.html]
[backblue.gif]
[fade.gif]
[index.html]
[onemorearts.com/files/layout/portal/1/favicon.png]
[onemorearts.com/assets/admin/vendor/bootstrap/css/bootstrap.minbcc2.css]
[onemorearts.com/assets/css/portal/1/style77b7.css]
[connect.facebook.net/pl_PL/sdk.js]
[onemorearts.com/files/layout/portal/1/logo9566.png]
[onemorearts.com/idea,p,48.html]
[onemorearts.com/salerent,p,53.html]
[onemorearts.com/paintings-and-sculptures,ac256.html]
[onemorearts.com/drawings-graphics-photographs,ac257.html]
[onemorearts.com/sculpture-lamps-and-furniture,ac258.html]
[onemorearts.com/artists,p,63.html]
[onemorearts.com/eva-boiseau,p,64.html]
[onemorearts.com/alexandra-zielinska-misiun,p,65.html]
[onemorearts.com/dorota-starosta,p,66.html]
[onemorearts.com/anna-wywial,p,67.html]
[onemorearts.com/claudiusz-pohl,p,68.html]
[onemorearts.com/alicja-wasilka,p,69.html]
[onemorearts.com/marcin-sauter,p,75.html]
[onemorearts.com/eva-waraczewska,p,76.html]
[onemorearts.com/catarzyna-skapska,p,77.html]
[onemorearts.com/magdalena-targonska,p,99.html]
[onemorearts.com/realizations,p,78.html]
[onemorearts.com/benefits,p,93.html]
[onemorearts.com/promotion-offers-for-museumsart-exhibition-centersinterior-designers,p,94.html]
[onemorearts.com/art-meetings-for-youfor-companies,p,95.html]
[onemorearts.com/art-courses,p,97.html]
[onemorearts.com/art-therapy,p,96.html]
[onemorearts.com/news-blog,ac99]
[onemorearts.com/art-news,ac99.html]
[onemorearts.com/contact,p,50.html]
[onemorearts.com/files/gallery/4/11-living-with-art-1-0dcfd.jpg]
[onemorearts.com/paintings-and-sculptures,p,90]
[onemorearts.com/https_/onemorearts.com/paintings-and-sculptures,ac256]
[onemorearts.com/files/gallery/4/2-paintings-and-sculptures-101-37565.jpg]
[onemorearts.com/drawings-graphics-photographs,p,91]
[onemorearts.com/https_/onemorearts.com/drawings-graphics-photographs,ac257]
[onemorearts.com/files/gallery/4/3-photographs-100-305e9.jpg]
[onemorearts.com/sculpture-lamps-and-furniture,p,92]
[onemorearts.com/https_/onemorearts.com/sculpture-lamps-and-furniture,ac258]
[onemorearts.com/files/gallery/4/10-sculpture-lamps-and-furniture-102-39690.jpg]
[onemorearts.com/files/gallery/8/297-gallery-59531.jpg]
[onemorearts.com/files/gallery/8/297-gallery-39531.jpg]
[onemorearts.com/files/gallery/8/291-gallery-5aec8.jpg]
[onemorearts.com/files/gallery/8/291-gallery-3aec8.jpg]
[onemorearts.com/files/gallery/8/292-gallery-5aec8.jpg]
[onemorearts.com/files/gallery/8/292-gallery-3aec8.jpg]
[onemorearts.com/files/gallery/8/293-gallery-5aec8.jpg]
[onemorearts.com/files/gallery/8/293-gallery-3aec8.jpg]
[onemorearts.com/files/gallery/8/294-gallery-5aec8.jpg]
[onemorearts.com/files/gallery/8/294-gallery-3aec8.jpg]
[onemorearts.com/files/gallery/8/295-gallery-5aec8.jpg]
[onemorearts.com/files/gallery/8/295-gallery-3aec8.jpg]
[onemorearts.com/gallery,p,103.html]
[onemorearts.com/files/gallery/4/14-living-with-art-4-0e6c6.jpg]
[onemorearts.com/art-news,ac99/wpis-na-blog-przyklad,1.html]
[onemorearts.com/files/gallery/1/13-zdjecie-glowne-1-wpis-na-blog-przyklad-36ee4.jpg]
[www.google.com/recaptcha/api85f1.js]
[onemorearts.com/files/layout/portal/1/signet.png]
[onemorearts.com/polityka-dotyczaca-cookies,p,34]
[onemorearts.com/polityka-cookies,p,34.html]
[onemorearts.com/assets/js/jquery-1.11.2.min3275.js]
[onemorearts.com/assets/admin/vendor/plugins/jquery-ui/jquery-ui.min765a.js]
[onemorearts.com/assets/admin/vendor/bootstrap/js/bootstrap.minbcc2.js]
[blueimp.github.io/Gallery/js/jquery.blueimp-gallery.min.js]
[onemorearts.com/assets/admin/vendor/plugins/scrollto/jquery.scrollTo.min5bc0.js]
[onemorearts.com/assets/js/application3275.js]
[onemorearts.com/assets/js/bootstrap-hover-dropdown.min3275.js]
[onemorearts.com/assets/css/portal/1/bottomf405.css]
[onemorearts.com/assets/admin/vendor/plugins/jqueryupload/plugins/blueimp/css/blueimp-gallery.min5bc0.css]
[onemorearts.com/index.html]
[onemorearts.com/assets/admin/fonts/font-awesome/css/font-awesome.min3275.css]
[onemorearts.com/assets/admin/vendor/bootstrap/fonts/glyphicons-halflings-regular.eot]
[onemorearts.com/assets/admin/vendor/bootstrap/fonts/glyphicons-halflings-regulard41d.eot]
[onemorearts.com/assets/admin/vendor/bootstrap/fonts/glyphicons-halflings-regular.woff2]
[onemorearts.com/assets/admin/vendor/bootstrap/fonts/glyphicons-halflings-regular.woff]
[onemorearts.com/assets/admin/vendor/bootstrap/fonts/glyphicons-halflings-regular.ttf]
[onemorearts.com/assets/admin/vendor/bootstrap/css/bootstrap.minbcc2.css]
[onemorearts.com/assets/css/portal/1/style77b7.css]
[connect.facebook.net/pl_PL/sdk.js]
[onemorearts.com/idea,p,48.html]
[onemorearts.com/salerent,p,53.html]
[onemorearts.com/assets/admin/vendor/bootstrap/fonts/glyphicons-halflings-regular.svg]
[onemorearts.com/paintings-and-sculptures,ac256/walk,38.html]
[onemorearts.com/files/gallery/1/166-zdjecie-glowne-38-walk-508e1.jpg]
[onemorearts.com/paintings-and-sculptures,ac256/surface-no-49-light-connections,36.html]
[onemorearts.com/files/gallery/1/162-zdjecie-glowne-36-surface-no-49-light-connections-518d7.jpg]
[onemorearts.com/paintings-and-sculptures,ac256/surface-no-48-light-intersection-ii,35.html]
[onemorearts.com/files/gallery/1/161-zdjecie-glowne-35-surface-no-48-light-intersection-ii-5054a.jpg]
[onemorearts.com/paintings-and-sculptures,ac256/surface-no-38,34.html]
[onemorearts.com/files/gallery/1/158-zdjecie-glowne-34-surface-no-38-56cf2.jpg]
[onemorearts.com/paintings-and-sculptures,ac256/surface-no-36-evanescence-of-aur-structures,33.html]
[onemorearts.com/files/gallery/1/157-zdjecie-glowne-33-surface-no-36-evanescence-of-aur-structures-59dd6.jpg]
[onemorearts.com/paintings-and-sculptures,ac256/venus,32.html]
[onemorearts.com/files/gallery/1/152-zdjecie-glowne-32-venus-5decc.jpg]
[onemorearts.com/paintings-and-sculptures,ac256/titanium,30.html]
[onemorearts.com/files/gallery/1/150-zdjecie-glowne-30-titanium-5b501.jpg]
[onemorearts.com/paintings-and-sculptures,ac256/natural-environment-preservation,29.html]
[onemorearts.com/files/gallery/1/149-zdjecie-glowne-29-natural-environment-preservation-5a7f9.jpg]
[onemorearts.com/paintings-and-sculptures,ac256/the-sun,28.html]
[onemorearts.com/files/gallery/1/148-zdjecie-glowne-28-the-sun-5d6db.jpg]
[onemorearts.com/paintings-and-sculptures,ac256/fire-grass,27.html]
[onemorearts.com/files/gallery/1/147-zdjecie-glowne-27-fire-grass-5ccce.jpg]
[onemorearts.com/paintings-and-sculptures,ac256/venus-selfie,31.html]
[onemorearts.com/files/gallery/1/151-zdjecie-glowne-31-venus-selfie-556c6.jpg]
[onemorearts.com/paintings-and-sculptures,ac256/shine,26.html]
[onemorearts.com/files/gallery/1/146-zdjecie-glowne-26-shine-5ba1b.jpg]
[onemorearts.com/paintings-and-sculptures,ac256/image-object-3,25.html]
[onemorearts.com/files/gallery/1/138-zdjecie-glowne-25-image-object-3-5f252.jpg]
[onemorearts.com/paintings-and-sculptures,ac256/image-object-2,24.html]
[onemorearts.com/files/gallery/1/137-zdjecie-glowne-24-image-object-2-53e42.jpg]
[onemorearts.com/paintings-and-sculptures,ac256/image-object-1,23.html]
[onemorearts.com/files/gallery/1/136-zdjecie-glowne-23-image-object-1-515df.jpg]
[onemorearts.com/paintings-and-sculptures,ac256/ceramic-sculpture-object-3,22.html]
[onemorearts.com/files/gallery/1/135-zdjecie-glowne-22-ceramic-sculpture-object-3-5ac9b.jpg]
[onemorearts.com/paintings-and-sculptures,ac256/ceramic-sculpture-object-1,20.html]
[onemorearts.com/files/gallery/1/133-zdjecie-glowne-20-ceramic-sculpture-object-1-51f8f.jpg]
[onemorearts.com/paintings-and-sculptures,ac256/ceramic-sculpture-object-2,21.html]
[onemorearts.com/files/gallery/1/134-zdjecie-glowne-21-ceramic-sculpture-object-2-5bc09.jpg]
[onemorearts.com/paintings-and-sculptures,ac256/ship,19.html]
[onemorearts.com/files/gallery/1/118-zdjecie-glowne-19-ship-58995.jpg]
[onemorearts.com/paintings-and-sculptures,ac256/awake,18.html]
[onemorearts.com/files/gallery/1/117-zdjecie-glowne-18-awake-5f94d.jpg]
[onemorearts.com/paintings-and-sculptures,ac2564658.html]
[onemorearts.com/paintings-and-sculptures,ac256.html]
[onemorearts.com/drawings-graphics-photographs,ac257/photo-from-africa-collection-photo-10,129.html]
[onemorearts.com/files/gallery/1/379-zdjecie-glowne-129-photo-from-africa-collection-photo-10-5766b.jpg]
[onemorearts.com/drawings-graphics-photographs,ac257/photo-from-africa-collection-photo-9,128.html]
[onemorearts.com/files/gallery/1/378-zdjecie-glowne-128-photo-from-africa-collection-photo-9-5fe23.jpg]
[onemorearts.com/drawings-graphics-photographs,ac257/photo-from-africa-collection-photo-8,127.html]
[onemorearts.com/files/gallery/1/377-zdjecie-glowne-127-photo-from-africa-collection-photo-8-59195.jpg]
[onemorearts.com/drawings-graphics-photographs,ac257/photo-from-africa-collection-photo-7,126.html]
[onemorearts.com/files/gallery/1/376-zdjecie-glowne-126-photo-from-africa-collection-photo-7-58668.jpg]
[onemorearts.com/drawings-graphics-photographs,ac257/photo-from-africa-collection-photo-6,125.html]
[onemorearts.com/files/gallery/1/375-zdjecie-glowne-125-photo-from-africa-collection-photo-6-55d34.jpg]
[onemorearts.com/drawings-graphics-photographs,ac257/photo-from-africa-collection-photo-5,124.html]
[onemorearts.com/files/gallery/1/374-zdjecie-glowne-124-photo-from-africa-collection-photo-5-544bf.jpg]
[onemorearts.com/drawings-graphics-photographs,ac257/photo-from-africa-collection-photo-4,123.html]
[onemorearts.com/files/gallery/1/372-zdjecie-glowne-123-photo-from-africa-collection-photo-4-59656.jpg]
[onemorearts.com/drawings-graphics-photographs,ac257/photo-from-africa-collection-photo-3,122.html]
[onemorearts.com/files/gallery/1/371-zdjecie-glowne-122-photo-from-africa-collection-photo-3-5ef41.jpg]
[onemorearts.com/drawings-graphics-photographs,ac257/photo-from-africa-collection-photo-2,121.html]
[onemorearts.com/files/gallery/1/370-zdjecie-glowne-121-photo-from-africa-collection-photo-2-5b02a.jpg]
[onemorearts.com/drawings-graphics-photographs,ac257/photo-from-africa-collection-photo-1,120.html]
[onemorearts.com/files/gallery/1/369-zdjecie-glowne-120-photo-from-africa-collection-photo-1-5a152.jpg]
[onemorearts.com/drawings-graphics-photographs,ac257/photo-from-the-far-east-collection-photo-10,119.html]
[onemorearts.com/files/gallery/1/368-zdjecie-glowne-119-photo-from-the-far-east-collection-photo-10-53682.jpg]
[onemorearts.com/drawings-graphics-photographs,ac257/photo-from-the-far-east-collection-photo-9,118.html]
[onemorearts.com/files/gallery/1/367-zdjecie-glowne-118-photo-from-the-far-east-collection-photo-9-51931.jpg]
[onemorearts.com/drawings-graphics-photographs,ac257/photo-from-the-far-east-collection-photo-8,117.html]
[onemorearts.com/files/gallery/1/366-zdjecie-glowne-117-photo-from-the-far-east-collection-photo-8-58b03.jpg]
[onemorearts.com/drawings-graphics-photographs,ac257/photo-from-the-far-east-collection-photo-7,116.html]
[onemorearts.com/files/gallery/1/365-zdjecie-glowne-116-photo-from-the-far-east-collection-photo-7-5615e.jpg]
[onemorearts.com/drawings-graphics-photographs,ac257/photo-from-the-far-east-collection-photo-6,115.html]
[onemorearts.com/files/gallery/1/364-zdjecie-glowne-115-photo-from-the-far-east-collection-photo-6-50148.jpg]
[onemorearts.com/drawings-graphics-photographs,ac257/photo-from-the-far-east-collection-photo-5,114.html]
[onemorearts.com/files/gallery/1/363-zdjecie-glowne-114-photo-from-the-far-east-collection-photo-5-5cf68.jpg]
[onemorearts.com/drawings-graphics-photographs,ac257/photo-from-the-far-east-collection-photo-4,113.html]
[onemorearts.com/files/gallery/1/362-zdjecie-glowne-113-photo-from-the-far-east-collection-photo-4-57252.jpg]
[onemorearts.com/drawings-graphics-photographs,ac257/photo-from-the-far-east-collection-photo-3,112.html]
[onemorearts.com/files/gallery/1/361-zdjecie-glowne-112-photo-from-the-far-east-collection-photo-3-5598d.jpg]
[onemorearts.com/drawings-graphics-photographs,ac257/photo-from-the-far-east-collection-photo-2,111.html]
[onemorearts.com/files/gallery/1/360-zdjecie-glowne-111-photo-from-the-far-east-collection-photo-2-52c6c.jpg]
[onemorearts.com/drawings-graphics-photographs,ac257/photo-from-the-far-east-collection-photo-1,110.html]
[onemorearts.com/files/gallery/1/359-zdjecie-glowne-110-photo-from-the-far-east-collection-photo-1-52997.jpg]
[onemorearts.com/drawings-graphics-photographs,ac2574658.html]
[onemorearts.com/drawings-graphics-photographs,ac2579ba9.html]
[onemorearts.com/drawings-graphics-photographs,ac257fdb0.html]
[onemorearts.com/drawings-graphics-photographs,ac257af4d.html]
[onemorearts.com/drawings-graphics-photographs,ac257.html]
[onemorearts.com/sculpture-lamps-and-furniture,ac258/no-name-collection-4,165.html]
[onemorearts.com/files/gallery/1/484-zdjecie-glowne-165-no-name-collection-4-58540.jpg]
[onemorearts.com/sculpture-lamps-and-furniture,ac258/no-name-collection-3,164.html]
[onemorearts.com/files/gallery/1/483-zdjecie-glowne-164-no-name-collection-3-5396a.jpg]
[onemorearts.com/sculpture-lamps-and-furniture,ac258/no-name-collection-2,163.html]
[onemorearts.com/files/gallery/1/482-zdjecie-glowne-163-no-name-collection-2-599a8.jpg]
[onemorearts.com/sculpture-lamps-and-furniture,ac258/no-name-collection-1,162.html]
[onemorearts.com/files/gallery/1/481-zdjecie-glowne-162-no-name-collection-1-5a02a.jpg]
[onemorearts.com/sculpture-lamps-and-furniture,ac258/no-face-she-he-collection-4,161.html]
[onemorearts.com/files/gallery/1/480-zdjecie-glowne-161-no-face-she-he-collection-4-56368.jpg]
[onemorearts.com/sculpture-lamps-and-furniture,ac258/no-face-she-he-collection-3,160.html]
[onemorearts.com/files/gallery/1/479-zdjecie-glowne-160-no-face-she-he-collection-3-56611.jpg]
[onemorearts.com/sculpture-lamps-and-furniture,ac258/no-face-she-he-collection-2,159.html]
[onemorearts.com/files/gallery/1/478-zdjecie-glowne-159-no-face-she-he-collection-2-58068.jpg]
[onemorearts.com/sculpture-lamps-and-furniture,ac258/no-face-she-he-collection-1,158.html]
[onemorearts.com/files/gallery/1/477-zdjecie-glowne-158-no-face-she-he-collection-1-5b2bf.jpg]
[onemorearts.com/sculpture-lamps-and-furniture,ac258/him-collection-3,157.html]
[onemorearts.com/files/gallery/1/476-zdjecie-glowne-157-him-collection-3-51c14.jpg]
[onemorearts.com/sculpture-lamps-and-furniture,ac258/him-collection-2,156.html]
[onemorearts.com/files/gallery/1/475-zdjecie-glowne-156-him-collection-2-53c4b.jpg]
[onemorearts.com/sculpture-lamps-and-furniture,ac258/him-collection-1,155.html]
[onemorearts.com/files/gallery/1/474-zdjecie-glowne-155-him-collection-1-5935a.jpg]
[onemorearts.com/sculpture-lamps-and-furniture,ac258/her-eyes-collection-4,152.html]
[onemorearts.com/files/gallery/1/456-zdjecie-glowne-152-her-eyes-collection-4-59cbb.jpg]
[onemorearts.com/sculpture-lamps-and-furniture,ac258/her-eyes-collection-3,154.html]
[onemorearts.com/files/gallery/1/462-zdjecie-glowne-154-her-eyes-collection-3-55ff9.jpg]
[onemorearts.com/sculpture-lamps-and-furniture,ac258/her-eyes-collection-2,150.html]
[onemorearts.com/files/gallery/1/454-zdjecie-glowne-150-her-eyes-collection-2-54270.jpg]
[onemorearts.com/sculpture-lamps-and-furniture,ac258/her-eyes-collection-1,149.html]
[onemorearts.com/files/gallery/1/453-zdjecie-glowne-149-her-eyes-collection-1-53028.jpg]
[onemorearts.com/sculpture-lamps-and-furniture,ac258/he-collection-3,148.html]
[onemorearts.com/files/gallery/1/452-zdjecie-glowne-148-he-collection-3-54f7f.jpg]
[onemorearts.com/sculpture-lamps-and-furniture,ac258/he-collection-2,147.html]
[onemorearts.com/files/gallery/1/451-zdjecie-glowne-147-he-collection-2-53f94.jpg]
[onemorearts.com/sculpture-lamps-and-furniture,ac258/he-collection-1,145.html]
[onemorearts.com/files/gallery/1/448-zdjecie-glowne-145-he-collection-1-5fd3f.jpg]
[onemorearts.com/sculpture-lamps-and-furniture,ac258/face-man-collection-2,153.html]
[onemorearts.com/files/gallery/1/457-zdjecie-glowne-153-face-man-collection-2-5e3d8.jpg]
[onemorearts.com/sculpture-lamps-and-furniture,ac258/face-man-collection-1,143.html]
[onemorearts.com/files/gallery/1/445-zdjecie-glowne-143-face-man-collection-1-52e5c.jpg]
[onemorearts.com/sculpture-lamps-and-furniture,ac2584658.html]
[onemorearts.com/sculpture-lamps-and-furniture,ac258.html]
[onemorearts.com/files/gallery/1/1-wybierz-zdjecie-397da.png]
[onemorearts.com/artists,p,63.html]
[onemorearts.com/files/gallery/6/55-galeria-zdjecia-585fb.jpg]
[onemorearts.com/files/gallery/6/56-galeria-zdjecia-585fb.jpg]
[onemorearts.com/files/gallery/6/53-galeria-zdjecia-585fb.jpg]
[onemorearts.com/files/gallery/6/54-galeria-zdjecia-585fb.jpg]
[onemorearts.com/files/gallery/6/61-galeria-zdjecia-5f648.jpg]
[onemorearts.com/files/gallery/6/62-galeria-zdjecia-5f648.jpg]
[onemorearts.com/files/gallery/6/60-galeria-zdjecia-5e623.jpg]
[onemorearts.com/files/gallery/6/74-galeria-zdjecia-5a490.jpg]
[onemorearts.com/files/gallery/6/75-galeria-zdjecia-57b02.jpg]
[onemorearts.com/files/gallery/6/82-galeria-zdjecia-56992.jpg]
[onemorearts.com/eva-boiseau,p,64.html]
[onemorearts.com/files/gallery/6/104-galeria-zdjecia-58c8b.jpg]
[onemorearts.com/files/gallery/6/397-galeria-zdjecia-5f2ed.jpg]
[onemorearts.com/files/gallery/6/108-galeria-zdjecia-5d23a.jpg]
[onemorearts.com/files/gallery/6/393-galeria-zdjecia-5418b.png]
[onemorearts.com/files/gallery/6/105-galeria-zdjecia-58c8b.jpg]
[onemorearts.com/files/gallery/6/103-galeria-zdjecia-58c8b.jpg]
[onemorearts.com/files/gallery/6/396-galeria-zdjecia-5f2ed.jpg]
[onemorearts.com/files/gallery/6/109-galeria-zdjecia-5d23a.jpg]
[onemorearts.com/files/gallery/6/394-galeria-zdjecia-543f7.jpg]
[onemorearts.com/files/gallery/6/107-galeria-zdjecia-58c8b.jpg]
[onemorearts.com/files/gallery/6/392-galeria-zdjecia-59532.jpg]
[onemorearts.com/files/gallery/6/106-galeria-zdjecia-58c8b.jpg]
[onemorearts.com/files/gallery/6/395-galeria-zdjecia-543f7.png]
[onemorearts.com/alexandra-zielinska-misiun,p,65.html]
[onemorearts.com/files/gallery/6/130-galeria-zdjecia-50902.jpg]
[onemorearts.com/files/gallery/6/131-galeria-zdjecia-50902.jpg]
[onemorearts.com/files/gallery/6/132-galeria-zdjecia-58d58.jpg]
[onemorearts.com/files/gallery/6/127-galeria-zdjecia-50902.jpg]
[onemorearts.com/files/gallery/6/128-galeria-zdjecia-50902.jpg]
[onemorearts.com/files/gallery/6/129-galeria-zdjecia-50902.jpg]
[onemorearts.com/dorota-starosta,p,66.html]
[onemorearts.com/files/gallery/6/139-galeria-zdjecia-5c6be.jpg]
[onemorearts.com/files/gallery/6/389-galeria-zdjecia-5255f.jpg]
[onemorearts.com/files/gallery/6/140-galeria-zdjecia-5c6be.jpg]
[onemorearts.com/files/gallery/6/388-galeria-zdjecia-54217.jpg]
[onemorearts.com/files/gallery/6/141-galeria-zdjecia-5c6be.jpg]
[onemorearts.com/files/gallery/6/390-galeria-zdjecia-51b17.jpg]
[onemorearts.com/files/gallery/6/163-galeria-zdjecia-581ec.jpg]
[onemorearts.com/files/gallery/6/391-galeria-zdjecia-56f2e.jpg]
[onemorearts.com/anna-wywial,p,67.html]
[onemorearts.com/files/gallery/6/142-galeria-zdjecia-5bf28.jpg]
[onemorearts.com/files/gallery/6/144-galeria-zdjecia-5bf28.jpg]
[onemorearts.com/files/gallery/6/143-galeria-zdjecia-5bf28.jpg]
[onemorearts.com/files/gallery/6/145-galeria-zdjecia-5bf28.jpg]
[onemorearts.com/claudiusz-pohl,p,68.html]
[onemorearts.com/files/gallery/6/153-galeria-zdjecia-52bb5.jpg]
[onemorearts.com/files/gallery/6/380-galeria-zdjecia-56468.jpg]
[onemorearts.com/files/gallery/6/381-galeria-zdjecia-5e3f8.jpg]
[onemorearts.com/files/gallery/6/154-galeria-zdjecia-52bb5.jpg]
[onemorearts.com/files/gallery/6/382-galeria-zdjecia-5b407.jpg]
[onemorearts.com/files/gallery/6/383-galeria-zdjecia-59c89.jpg]
[onemorearts.com/files/gallery/6/155-galeria-zdjecia-52bb5.jpg]
[onemorearts.com/files/gallery/6/384-galeria-zdjecia-50dba.jpg]
[onemorearts.com/files/gallery/6/385-galeria-zdjecia-521b4.jpg]
[onemorearts.com/files/gallery/6/156-galeria-zdjecia-52bb5.jpg]
[onemorearts.com/files/gallery/6/386-galeria-zdjecia-5b7f8.jpg]
[onemorearts.com/files/gallery/6/387-galeria-zdjecia-5b121.jpg]
[onemorearts.com/alicja-wasilka,p,69.html]
[onemorearts.com/files/gallery/6/167-galeria-zdjecia-5d421.jpg]
[onemorearts.com/files/gallery/6/168-galeria-zdjecia-5d421.jpg]
[onemorearts.com/files/gallery/6/169-galeria-zdjecia-5d421.jpg]
[onemorearts.com/files/gallery/6/170-galeria-zdjecia-557c7.jpg]
[onemorearts.com/files/gallery/6/171-galeria-zdjecia-557c7.jpg]
[onemorearts.com/files/gallery/6/172-galeria-zdjecia-557c7.jpg]
[onemorearts.com/files/gallery/6/173-galeria-zdjecia-557c7.jpg]
[onemorearts.com/files/gallery/6/174-galeria-zdjecia-5fc32.jpg]
[onemorearts.com/files/gallery/6/175-galeria-zdjecia-5fc32.jpg]
[onemorearts.com/files/gallery/6/176-galeria-zdjecia-5fc32.jpg]
[onemorearts.com/files/gallery/6/201-galeria-zdjecia-5b41c.jpg]
[onemorearts.com/files/gallery/6/202-galeria-zdjecia-59874.jpg]
[onemorearts.com/files/gallery/6/203-galeria-zdjecia-59874.jpg]
[onemorearts.com/files/gallery/6/204-galeria-zdjecia-59874.jpg]
[onemorearts.com/files/gallery/6/205-galeria-zdjecia-564c5.jpg]
[onemorearts.com/files/gallery/6/206-galeria-zdjecia-564c5.jpg]
[onemorearts.com/files/gallery/6/207-galeria-zdjecia-564c5.jpg]
[onemorearts.com/files/gallery/6/208-galeria-zdjecia-564c5.jpg]
[onemorearts.com/files/gallery/6/209-galeria-zdjecia-529ac.jpg]
[onemorearts.com/files/gallery/6/224-galeria-zdjecia-5e1f3.jpg]
[onemorearts.com/files/gallery/6/225-galeria-zdjecia-5e1f3.jpg]
[onemorearts.com/files/gallery/6/226-galeria-zdjecia-5faea.jpg]
[onemorearts.com/files/gallery/6/227-galeria-zdjecia-5c8c4.jpg]
[onemorearts.com/files/gallery/6/228-galeria-zdjecia-5c8c4.jpg]
[onemorearts.com/files/gallery/6/229-galeria-zdjecia-588ea.jpg]
[onemorearts.com/files/gallery/6/230-galeria-zdjecia-588ea.jpg]
[onemorearts.com/files/gallery/6/231-galeria-zdjecia-573ac.jpg]
[onemorearts.com/files/gallery/6/232-galeria-zdjecia-573ac.jpg]
[onemorearts.com/files/gallery/6/233-galeria-zdjecia-573ac.jpg]
[onemorearts.com/files/gallery/6/245-galeria-zdjecia-58f73.jpg]
[onemorearts.com/files/gallery/6/246-galeria-zdjecia-58f73.jpg]
[onemorearts.com/files/gallery/6/247-galeria-zdjecia-58f73.jpg]
[onemorearts.com/files/gallery/6/248-galeria-zdjecia-58f73.jpg]
[onemorearts.com/files/gallery/6/249-galeria-zdjecia-58f73.jpg]
[onemorearts.com/files/gallery/6/250-galeria-zdjecia-58f73.jpg]
[onemorearts.com/files/gallery/6/251-galeria-zdjecia-58f73.jpg]
[onemorearts.com/files/gallery/6/252-galeria-zdjecia-58f73.jpg]
[onemorearts.com/files/gallery/6/253-galeria-zdjecia-58f73.jpg]
[onemorearts.com/files/gallery/6/254-galeria-zdjecia-58f73.jpg]
[onemorearts.com/files/gallery/6/268-galeria-zdjecia-5f7fc.jpg]
[onemorearts.com/files/gallery/6/269-galeria-zdjecia-5f7fc.jpg]
[onemorearts.com/files/gallery/6/270-galeria-zdjecia-5f7fc.jpg]
[onemorearts.com/files/gallery/6/271-galeria-zdjecia-5f7fc.jpg]
[onemorearts.com/files/gallery/6/272-galeria-zdjecia-5f7fc.jpg]
[onemorearts.com/files/gallery/6/273-galeria-zdjecia-5f7fc.jpg]
[onemorearts.com/files/gallery/6/274-galeria-zdjecia-5f7fc.jpg]
[onemorearts.com/files/gallery/6/275-galeria-zdjecia-5f7fc.jpg]
[onemorearts.com/files/gallery/6/276-galeria-zdjecia-5f7fc.jpg]
[onemorearts.com/files/gallery/6/277-galeria-zdjecia-5f7fc.jpg]
[onemorearts.com/files/gallery/6/298-galeria-zdjecia-5c3bf.jpg]
[onemorearts.com/files/gallery/6/299-galeria-zdjecia-51625.jpg]
[onemorearts.com/files/gallery/6/300-galeria-zdjecia-51625.jpg]
[onemorearts.com/files/gallery/6/301-galeria-zdjecia-51625.jpg]
[onemorearts.com/files/gallery/6/302-galeria-zdjecia-51625.jpg]
[onemorearts.com/files/gallery/6/303-galeria-zdjecia-51625.jpg]
[onemorearts.com/files/gallery/6/304-galeria-zdjecia-51625.jpg]
[onemorearts.com/files/gallery/6/305-galeria-zdjecia-51625.jpg]
[onemorearts.com/files/gallery/6/306-galeria-zdjecia-51625.jpg]
[onemorearts.com/files/gallery/6/307-galeria-zdjecia-51625.jpg]
[onemorearts.com/files/gallery/6/308-galeria-zdjecia-51b40.jpg]
[onemorearts.com/files/gallery/6/309-galeria-zdjecia-51b40.jpg]
[onemorearts.com/files/gallery/6/310-galeria-zdjecia-51b40.jpg]
[onemorearts.com/files/gallery/6/311-galeria-zdjecia-51b40.jpg]
[onemorearts.com/files/gallery/6/312-galeria-zdjecia-51b40.jpg]
[onemorearts.com/files/gallery/6/313-galeria-zdjecia-51b40.jpg]
[onemorearts.com/files/gallery/6/314-galeria-zdjecia-51b40.jpg]
[onemorearts.com/files/gallery/6/315-galeria-zdjecia-51b40.jpg]
[onemorearts.com/files/gallery/6/316-galeria-zdjecia-51b40.jpg]
[onemorearts.com/files/gallery/6/317-galeria-zdjecia-51b40.jpg]
[onemorearts.com/files/gallery/6/339-galeria-zdjecia-5cf27.jpg]
[onemorearts.com/files/gallery/6/340-galeria-zdjecia-5cf27.jpg]
[onemorearts.com/files/gallery/6/341-galeria-zdjecia-5cf27.jpg]
[onemorearts.com/files/gallery/6/342-galeria-zdjecia-5cf27.jpg]
[onemorearts.com/files/gallery/6/343-galeria-zdjecia-5cf27.jpg]
[onemorearts.com/files/gallery/6/344-galeria-zdjecia-5cf27.jpg]
[onemorearts.com/files/gallery/6/345-galeria-zdjecia-5cf27.jpg]
[onemorearts.com/files/gallery/6/346-galeria-zdjecia-5cf27.jpg]
[onemorearts.com/files/gallery/6/347-galeria-zdjecia-5cf27.jpg]
[onemorearts.com/files/gallery/6/348-galeria-zdjecia-5cf27.jpg]
[onemorearts.com/files/gallery/6/349-galeria-zdjecia-5661c.jpg]
[onemorearts.com/files/gallery/6/350-galeria-zdjecia-5661c.jpg]
[onemorearts.com/files/gallery/6/351-galeria-zdjecia-5661c.jpg]
[onemorearts.com/files/gallery/6/352-galeria-zdjecia-5661c.jpg]
[onemorearts.com/files/gallery/6/353-galeria-zdjecia-5661c.jpg]
[onemorearts.com/files/gallery/6/354-galeria-zdjecia-5661c.jpg]
[onemorearts.com/files/gallery/6/355-galeria-zdjecia-5661c.jpg]
[onemorearts.com/files/gallery/6/356-galeria-zdjecia-5661c.jpg]
[onemorearts.com/files/gallery/6/357-galeria-zdjecia-5661c.jpg]
[onemorearts.com/files/gallery/6/358-galeria-zdjecia-5661c.jpg]
[onemorearts.com/marcin-sauter,p,75.html]
[onemorearts.com/files/gallery/6/412-galeria-zdjecia-562f2.jpg]
[onemorearts.com/files/gallery/6/416-galeria-zdjecia-53317.jpg]
[onemorearts.com/files/gallery/6/413-galeria-zdjecia-562f2.jpg]
[onemorearts.com/files/gallery/6/417-galeria-zdjecia-53317.jpg]
[onemorearts.com/files/gallery/6/414-galeria-zdjecia-562f2.jpg]
[onemorearts.com/files/gallery/6/418-galeria-zdjecia-53317.jpg]
[onemorearts.com/files/gallery/6/415-galeria-zdjecia-562f2.jpg]
[onemorearts.com/files/gallery/6/419-galeria-zdjecia-53317.jpg]
[onemorearts.com/eva-waraczewska,p,76.html]
[onemorearts.com/files/gallery/6/420-galeria-zdjecia-577dc.jpg]
[onemorearts.com/files/gallery/6/421-galeria-zdjecia-577dc.jpg]
[onemorearts.com/files/gallery/6/422-galeria-zdjecia-577dc.jpg]
[onemorearts.com/files/gallery/6/423-galeria-zdjecia-577dc.jpg]
[onemorearts.com/files/gallery/6/424-galeria-zdjecia-577dc.jpg]
[onemorearts.com/files/gallery/6/429-galeria-zdjecia-5e077.jpg]
[onemorearts.com/files/gallery/6/430-galeria-zdjecia-5e077.jpg]
[onemorearts.com/files/gallery/6/431-galeria-zdjecia-5e077.jpg]
[onemorearts.com/files/gallery/6/432-galeria-zdjecia-5e077.jpg]
[onemorearts.com/files/gallery/6/433-galeria-zdjecia-5e077.jpg]
[onemorearts.com/files/gallery/6/434-galeria-zdjecia-5e077.jpg]
[onemorearts.com/files/gallery/6/435-galeria-zdjecia-5e077.jpg]
[onemorearts.com/files/gallery/6/436-galeria-zdjecia-5e077.jpg]
[onemorearts.com/files/gallery/6/437-galeria-zdjecia-5e077.jpg]
[onemorearts.com/files/gallery/6/463-galeria-zdjecia-53c06.jpg]
[onemorearts.com/files/gallery/6/464-galeria-zdjecia-53c06.jpg]
[onemorearts.com/files/gallery/6/465-galeria-zdjecia-53c06.jpg]
[onemorearts.com/files/gallery/6/466-galeria-zdjecia-53c06.jpg]
[onemorearts.com/files/gallery/6/467-galeria-zdjecia-53c06.jpg]
[onemorearts.com/files/gallery/6/468-galeria-zdjecia-53c06.jpg]
[onemorearts.com/files/gallery/6/469-galeria-zdjecia-53c06.jpg]
[onemorearts.com/files/gallery/6/470-galeria-zdjecia-53c06.jpg]
[onemorearts.com/files/gallery/6/471-galeria-zdjecia-53c06.jpg]
[onemorearts.com/files/gallery/6/472-galeria-zdjecia-53c06.jpg]
[onemorearts.com/files/gallery/6/473-galeria-zdjecia-53c06.jpg]
[onemorearts.com/catarzyna-skapska,p,77.html]
[onemorearts.com/magdalena-targonska,p,99.html]
[onemorearts.com/realizations,p,78.html]
[onemorearts.com/benefits,p,93.html]
[onemorearts.com/promotion-offers-for-museumsart-exhibition-centersinterior-designers,p,94.html]
[onemorearts.com/art-meetings-for-youfor-companies,p,95.html]
[onemorearts.com/art-courses,p,97.html]
[onemorearts.com/art-therapy,p,96.html]
[onemorearts.com/files/gallery/1/13-zdjecie-glowne-1-wpis-na-blog-przyklad-56ee4.jpg]
[onemorearts.com/art-news,ac99.html]
[onemorearts.com/contact,p,50.html]
[onemorearts.com/files/gallery/8/93-gallery-5fed0.jpg]
[onemorearts.com/files/gallery/8/93-gallery-3fed0.jpg]
[onemorearts.com/files/gallery/8/94-gallery-5fed0.jpg]
[onemorearts.com/files/gallery/8/94-gallery-3fed0.jpg]
[onemorearts.com/files/gallery/8/95-gallery-5fc29.jpg]
[onemorearts.com/files/gallery/8/95-gallery-3fc29.jpg]
[onemorearts.com/files/gallery/8/96-gallery-5fc29.jpg]
[onemorearts.com/files/gallery/8/96-gallery-3fc29.jpg]
[onemorearts.com/files/gallery/8/97-gallery-5fc29.jpg]
[onemorearts.com/files/gallery/8/97-gallery-3fc29.jpg]
[onemorearts.com/files/gallery/8/98-gallery-5fc29.jpg]
[onemorearts.com/files/gallery/8/98-gallery-3fc29.jpg]
[onemorearts.com/files/gallery/8/99-gallery-5fc29.jpg]
[onemorearts.com/files/gallery/8/99-gallery-3fc29.jpg]
[onemorearts.com/files/gallery/8/100-gallery-5fc29.jpg]
[onemorearts.com/files/gallery/8/100-gallery-3fc29.jpg]
[onemorearts.com/files/gallery/8/101-gallery-515e5.jpg]
[onemorearts.com/files/gallery/8/101-gallery-315e5.jpg]
[onemorearts.com/files/gallery/8/102-gallery-5b549.jpg]
[onemorearts.com/files/gallery/8/102-gallery-3b549.jpg]
[onemorearts.com/files/gallery/8/119-gallery-5ffe6.jpg]
[onemorearts.com/files/gallery/8/119-gallery-3ffe6.jpg]
[onemorearts.com/files/gallery/8/120-gallery-5ffe6.jpg]
[onemorearts.com/files/gallery/8/120-gallery-3ffe6.jpg]
[onemorearts.com/files/gallery/8/121-gallery-5ffe6.jpg]
[onemorearts.com/files/gallery/8/121-gallery-3ffe6.jpg]
[onemorearts.com/files/gallery/8/122-gallery-5ffe6.jpg]
[onemorearts.com/files/gallery/8/122-gallery-3ffe6.jpg]
[onemorearts.com/files/gallery/8/123-gallery-585be.jpg]
[onemorearts.com/files/gallery/8/123-gallery-385be.jpg]
[onemorearts.com/files/gallery/8/124-gallery-585be.jpg]
[onemorearts.com/files/gallery/8/124-gallery-385be.jpg]
[onemorearts.com/files/gallery/8/125-gallery-585be.jpg]
[onemorearts.com/files/gallery/8/125-gallery-385be.jpg]
[onemorearts.com/files/gallery/8/126-gallery-5abfa.jpg]
[onemorearts.com/files/gallery/8/126-gallery-3abfa.jpg]
[onemorearts.com/files/gallery/8/290-gallery-588c1.jpg]
[onemorearts.com/files/gallery/8/290-gallery-388c1.jpg]
[onemorearts.com/files/gallery/8/296-gallery-5aec8.jpg]
[onemorearts.com/files/gallery/8/296-gallery-3aec8.jpg]
[onemorearts.com/gallery,p,103.html]
[onemorearts.com/files/gallery/1/13-zdjecie-glowne-1-wpis-na-blog-przyklad-06ee4.jpg]
[onemorearts.com/art-news,ac99/wpis-na-blog-przyklad,1.html]
[onemorearts.com/polityka-cookies,p,34.html]
[onemorearts.com/assets/css/portal/1/bottomf405.css]
[onemorearts.com/assets/admin/vendor/plugins/jqueryupload/plugins/blueimp/img/loading.gif]
[onemorearts.com/assets/admin/vendor/plugins/jqueryupload/plugins/blueimp/img/loading.svg]
[onemorearts.com/assets/admin/vendor/plugins/jqueryupload/plugins/blueimp/img/error.png]
[onemorearts.com/assets/admin/vendor/plugins/jqueryupload/plugins/blueimp/img/error.svg]
[onemorearts.com/assets/admin/vendor/plugins/jqueryupload/plugins/blueimp/img/prev.png]
[onemorearts.com/assets/admin/vendor/plugins/jqueryupload/plugins/blueimp/img/next.png]
[onemorearts.com/assets/admin/vendor/plugins/jqueryupload/plugins/blueimp/img/prev.svg]
[onemorearts.com/assets/admin/vendor/plugins/jqueryupload/plugins/blueimp/img/next.svg]
[onemorearts.com/assets/admin/vendor/plugins/jqueryupload/plugins/blueimp/img/close.png]
[onemorearts.com/assets/admin/vendor/plugins/jqueryupload/plugins/blueimp/img/close.svg]
[onemorearts.com/assets/admin/vendor/plugins/jqueryupload/plugins/blueimp/img/play-pause.png]
[onemorearts.com/assets/admin/vendor/plugins/jqueryupload/plugins/blueimp/img/play-pause.svg]
[onemorearts.com/assets/admin/vendor/plugins/jqueryupload/plugins/blueimp/img/video-play.png]
[onemorearts.com/assets/admin/vendor/plugins/jqueryupload/plugins/blueimp/css/blueimp-gallery.min5bc0.css]
[onemorearts.com/assets/admin/vendor/plugins/jqueryupload/plugins/blueimp/img/video-play.svg]
[onemorearts.com/assets/admin/fonts/font-awesome/fonts/fontawesome-webfonte0a5.eot]
[onemorearts.com/assets/admin/fonts/font-awesome/fonts/fontawesome-webfontd41d.eot]
[onemorearts.com/assets/admin/fonts/font-awesome/fonts/fontawesome-webfonte0a5.woff2]
[onemorearts.com/assets/admin/fonts/font-awesome/fonts/fontawesome-webfonte0a5.woff]
[onemorearts.com/assets/admin/fonts/font-awesome/fonts/fontawesome-webfonte0a5.ttf]
[onemorearts.com/assets/admin/fonts/font-awesome/css/font-awesome.min3275.css]
[onemorearts.com/assets/admin/vendor/bootstrap/fonts/glyphicons-halflings-regular.svg]
[onemorearts.com/assets/admin/fonts/font-awesome/fonts/fontawesome-webfonte0a5.svg]
[onemorearts.com/files/gallery/1/166-zdjecie-glowne-38-walk-008e1.jpg]
[onemorearts.com/paintings-and-sculptures,ac256/walk,38.html]
[onemorearts.com/files/gallery/1/162-zdjecie-glowne-36-surface-no-49-light-connections-018d7.jpg]
[onemorearts.com/paintings-and-sculptures,ac256/surface-no-49-light-connections,36.html]
[onemorearts.com/files/gallery/1/161-zdjecie-glowne-35-surface-no-48-light-intersection-ii-0054a.jpg]
[onemorearts.com/paintings-and-sculptures,ac256/surface-no-48-light-intersection-ii,35.html]
[onemorearts.com/files/gallery/1/158-zdjecie-glowne-34-surface-no-38-06cf2.jpg]
[onemorearts.com/paintings-and-sculptures,ac256/surface-no-38,34.html]
[onemorearts.com/files/gallery/1/157-zdjecie-glowne-33-surface-no-36-evanescence-of-aur-structures-09dd6.jpg]
[onemorearts.com/paintings-and-sculptures,ac256/surface-no-36-evanescence-of-aur-structures,33.html]
[onemorearts.com/files/gallery/1/152-zdjecie-glowne-32-venus-0decc.jpg]
[onemorearts.com/paintings-and-sculptures,ac256/venus,32.html]
[onemorearts.com/files/gallery/1/150-zdjecie-glowne-30-titanium-0b501.jpg]
[onemorearts.com/paintings-and-sculptures,ac256/titanium,30.html]
[onemorearts.com/files/gallery/1/149-zdjecie-glowne-29-natural-environment-preservation-0a7f9.jpg]
[onemorearts.com/paintings-and-sculptures,ac256/natural-environment-preservation,29.html]
[onemorearts.com/files/gallery/1/148-zdjecie-glowne-28-the-sun-0d6db.jpg]
[onemorearts.com/paintings-and-sculptures,ac256/the-sun,28.html]
[onemorearts.com/files/gallery/1/147-zdjecie-glowne-27-fire-grass-0ccce.jpg]
[onemorearts.com/paintings-and-sculptures,ac256/fire-grass,27.html]
[onemorearts.com/files/gallery/1/151-zdjecie-glowne-31-venus-selfie-056c6.jpg]
[onemorearts.com/paintings-and-sculptures,ac256/venus-selfie,31.html]
[onemorearts.com/files/gallery/1/146-zdjecie-glowne-26-shine-0ba1b.jpg]
[onemorearts.com/paintings-and-sculptures,ac256/shine,26.html]
[onemorearts.com/files/gallery/1/138-zdjecie-glowne-25-image-object-3-0f252.jpg]
[onemorearts.com/paintings-and-sculptures,ac256/image-object-3,25.html]
[onemorearts.com/files/gallery/1/137-zdjecie-glowne-24-image-object-2-03e42.jpg]
[onemorearts.com/paintings-and-sculptures,ac256/image-object-2,24.html]
[onemorearts.com/files/gallery/1/136-zdjecie-glowne-23-image-object-1-015df.jpg]
[onemorearts.com/paintings-and-sculptures,ac256/image-object-1,23.html]
[onemorearts.com/files/gallery/1/135-zdjecie-glowne-22-ceramic-sculpture-object-3-0ac9b.jpg]
[onemorearts.com/paintings-and-sculptures,ac256/ceramic-sculpture-object-3,22.html]
[onemorearts.com/files/gallery/1/133-zdjecie-glowne-20-ceramic-sculpture-object-1-01f8f.jpg]
[onemorearts.com/paintings-and-sculptures,ac256/ceramic-sculpture-object-1,20.html]
[onemorearts.com/files/gallery/1/134-zdjecie-glowne-21-ceramic-sculpture-object-2-0bc09.jpg]
[onemorearts.com/paintings-and-sculptures,ac256/ceramic-sculpture-object-2,21.html]
[onemorearts.com/files/gallery/1/118-zdjecie-glowne-19-ship-08995.jpg]
[onemorearts.com/paintings-and-sculptures,ac256/ship,19.html]
[onemorearts.com/files/gallery/1/117-zdjecie-glowne-18-awake-0f94d.jpg]
[onemorearts.com/paintings-and-sculptures,ac256/awake,18.html]
[onemorearts.com/paintings-and-sculptures,ac256/golden-manhattan,17.html]
[onemorearts.com/files/gallery/1/116-zdjecie-glowne-17-golden-manhattan-5a8d2.jpg]
[onemorearts.com/paintings-and-sculptures,ac256/three-ballerinas-lemon-orange-lime,16.html]
[onemorearts.com/files/gallery/1/115-zdjecie-glowne-16-three-ballerinas-lemon-orange-lime-5f8a6.jpg]
[onemorearts.com/paintings-and-sculptures,ac256/horse,15.html]
[onemorearts.com/files/gallery/1/114-zdjecie-glowne-15-horse-509bf.jpg]
[onemorearts.com/paintings-and-sculptures,ac256/face,14.html]
[onemorearts.com/files/gallery/1/112-zdjecie-glowne-14-face-54306.jpg]
[onemorearts.com/paintings-and-sculptures,ac256/tuscany-alley,13.html]
[onemorearts.com/files/gallery/1/111-zdjecie-glowne-13-tuscany-alley-5ed8c.jpg]
[onemorearts.com/paintings-and-sculptures,ac256/tiger,12.html]
[onemorearts.com/files/gallery/1/81-zdjecie-glowne-12-tiger-5d797.jpg]
[onemorearts.com/paintings-and-sculptures,ac256/sleeping-aphrodite,11.html]
[onemorearts.com/files/gallery/1/80-zdjecie-glowne-11-sleeping-aphrodite-58f02.jpg]
[onemorearts.com/paintings-and-sculptures,ac256/pegasus,9.html]
[onemorearts.com/files/gallery/1/76-zdjecie-glowne-9-pegasus-58ea4.jpg]
[onemorearts.com/paintings-and-sculptures,ac256/spinning-dervish,7.html]
[onemorearts.com/files/gallery/1/65-zdjecie-glowne-7-spinning-dervish-56bf7.jpg]
[onemorearts.com/paintings-and-sculptures,ac256/true-love,6.html]
[onemorearts.com/files/gallery/1/64-zdjecie-glowne-6-true-love-5758a.jpg]
[onemorearts.com/paintings-and-sculptures,ac256/africa-child,8.html]
[onemorearts.com/files/gallery/1/66-zdjecie-glowne-8-africa-child-55a03.jpg]
[onemorearts.com/paintings-and-sculptures,ac256/white-horse,5.html]
[onemorearts.com/files/gallery/1/50-zdjecie-glowne-5-white-horse-5b75b.jpg]
[onemorearts.com/paintings-and-sculptures,ac256/evanescence,4.html]
[onemorearts.com/files/gallery/1/40-zdjecie-glowne-4-evanescence-5f76e.jpg]
[onemorearts.com/paintings-and-sculptures,ac256/ukraine,3.html]
[onemorearts.com/files/gallery/1/52-zdjecie-glowne-3-ukraine-5bd1e.jpg]
[onemorearts.com/paintings-and-sculptures,ac256/transcendence,2.html]
[onemorearts.com/files/gallery/1/16-zdjecie-glowne-2-transcendence-52b4f.jpg]
[onemorearts.com/paintings-and-sculptures,ac2562679.html]
[onemorearts.com/paintings-and-sculptures,ac2564658.html]
[onemorearts.com/files/gallery/1/379-zdjecie-glowne-129-photo-from-africa-collection-photo-10-0766b.jpg]
[onemorearts.com/drawings-graphics-photographs,ac257/photo-from-africa-collection-photo-10,129.html]
[onemorearts.com/files/gallery/1/378-zdjecie-glowne-128-photo-from-africa-collection-photo-9-0fe23.jpg]
[onemorearts.com/drawings-graphics-photographs,ac257/photo-from-africa-collection-photo-9,128.html]
[onemorearts.com/files/gallery/1/377-zdjecie-glowne-127-photo-from-africa-collection-photo-8-09195.jpg]
[onemorearts.com/drawings-graphics-photographs,ac257/photo-from-africa-collection-photo-8,127.html]
[onemorearts.com/files/gallery/1/376-zdjecie-glowne-126-photo-from-africa-collection-photo-7-08668.jpg]
[onemorearts.com/drawings-graphics-photographs,ac257/photo-from-africa-collection-photo-7,126.html]
[onemorearts.com/files/gallery/1/375-zdjecie-glowne-125-photo-from-africa-collection-photo-6-05d34.jpg]
[onemorearts.com/drawings-graphics-photographs,ac257/photo-from-africa-collection-photo-6,125.html]
[onemorearts.com/files/gallery/1/374-zdjecie-glowne-124-photo-from-africa-collection-photo-5-044bf.jpg]
[onemorearts.com/drawings-graphics-photographs,ac257/photo-from-africa-collection-photo-5,124.html]
[onemorearts.com/files/gallery/1/372-zdjecie-glowne-123-photo-from-africa-collection-photo-4-09656.jpg]
[onemorearts.com/drawings-graphics-photographs,ac257/photo-from-africa-collection-photo-4,123.html]
[onemorearts.com/files/gallery/1/371-zdjecie-glowne-122-photo-from-africa-collection-photo-3-0ef41.jpg]
[onemorearts.com/drawings-graphics-photographs,ac257/photo-from-africa-collection-photo-3,122.html]
[onemorearts.com/files/gallery/1/370-zdjecie-glowne-121-photo-from-africa-collection-photo-2-0b02a.jpg]
[onemorearts.com/drawings-graphics-photographs,ac257/photo-from-africa-collection-photo-2,121.html]
[onemorearts.com/files/gallery/1/369-zdjecie-glowne-120-photo-from-africa-collection-photo-1-0a152.jpg]
[onemorearts.com/drawings-graphics-photographs,ac257/photo-from-africa-collection-photo-1,120.html]
[onemorearts.com/files/gallery/1/368-zdjecie-glowne-119-photo-from-the-far-east-collection-photo-10-03682.jpg]
[onemorearts.com/drawings-graphics-photographs,ac257/photo-from-the-far-east-collection-photo-10,119.html]
[onemorearts.com/files/gallery/1/367-zdjecie-glowne-118-photo-from-the-far-east-collection-photo-9-01931.jpg]
[onemorearts.com/drawings-graphics-photographs,ac257/photo-from-the-far-east-collection-photo-9,118.html]
[onemorearts.com/files/gallery/1/366-zdjecie-glowne-117-photo-from-the-far-east-collection-photo-8-08b03.jpg]
[onemorearts.com/drawings-graphics-photographs,ac257/photo-from-the-far-east-collection-photo-8,117.html]
[onemorearts.com/files/gallery/1/365-zdjecie-glowne-116-photo-from-the-far-east-collection-photo-7-0615e.jpg]
[onemorearts.com/drawings-graphics-photographs,ac257/photo-from-the-far-east-collection-photo-7,116.html]
[onemorearts.com/files/gallery/1/364-zdjecie-glowne-115-photo-from-the-far-east-collection-photo-6-00148.jpg]
[onemorearts.com/drawings-graphics-photographs,ac257/photo-from-the-far-east-collection-photo-6,115.html]
[onemorearts.com/files/gallery/1/363-zdjecie-glowne-114-photo-from-the-far-east-collection-photo-5-0cf68.jpg]
[onemorearts.com/drawings-graphics-photographs,ac257/photo-from-the-far-east-collection-photo-5,114.html]
[onemorearts.com/files/gallery/1/362-zdjecie-glowne-113-photo-from-the-far-east-collection-photo-4-07252.jpg]
[onemorearts.com/drawings-graphics-photographs,ac257/photo-from-the-far-east-collection-photo-4,113.html]
[onemorearts.com/files/gallery/1/361-zdjecie-glowne-112-photo-from-the-far-east-collection-photo-3-0598d.jpg]
[onemorearts.com/drawings-graphics-photographs,ac257/photo-from-the-far-east-collection-photo-3,112.html]
[onemorearts.com/files/gallery/1/360-zdjecie-glowne-111-photo-from-the-far-east-collection-photo-2-02c6c.jpg]
[onemorearts.com/drawings-graphics-photographs,ac257/photo-from-the-far-east-collection-photo-2,111.html]
[onemorearts.com/files/gallery/1/359-zdjecie-glowne-110-photo-from-the-far-east-collection-photo-1-02997.jpg]
[onemorearts.com/drawings-graphics-photographs,ac257/photo-from-the-far-east-collection-photo-1,110.html]
[onemorearts.com/drawings-graphics-photographs,ac257/photo-from-europa-collection-photo-10,109.html]
[onemorearts.com/files/gallery/1/338-zdjecie-glowne-109-photo-from-europa-collection-photo-10-5ac53.jpg]
[onemorearts.com/drawings-graphics-photographs,ac257/photo-from-europa-collection-photo-9,108.html]
[onemorearts.com/files/gallery/1/337-zdjecie-glowne-108-photo-from-europa-collection-photo-9-596b8.jpg]
[onemorearts.com/drawings-graphics-photographs,ac257/photo-from-europa-collection-photo-8,107.html]
[onemorearts.com/files/gallery/1/336-zdjecie-glowne-107-photo-from-europa-collection-photo-8-5f37b.jpg]
[onemorearts.com/drawings-graphics-photographs,ac257/photo-from-europa-collection-photo-7,106.html]
[onemorearts.com/files/gallery/1/335-zdjecie-glowne-106-photo-from-europa-collection-photo-7-5fcc4.jpg]
[onemorearts.com/drawings-graphics-photographs,ac257/photo-from-europa-collection-photo-6,105.html]
[onemorearts.com/files/gallery/1/334-zdjecie-glowne-105-photo-from-europa-collection-photo-6-5e878.jpg]
[onemorearts.com/drawings-graphics-photographs,ac257/photo-from-europa-collection-photo-5,104.html]
[onemorearts.com/files/gallery/1/333-zdjecie-glowne-104-photo-from-europa-collection-photo-5-5382b.jpg]
[onemorearts.com/drawings-graphics-photographs,ac257/photo-from-europa-collection-photo-4,103.html]
[onemorearts.com/files/gallery/1/332-zdjecie-glowne-103-photo-from-europa-collection-photo-4-52df3.jpg]
[onemorearts.com/drawings-graphics-photographs,ac257/photo-from-europa-collection-photo-3,102.html]
[onemorearts.com/files/gallery/1/331-zdjecie-glowne-102-photo-from-europa-collection-photo-3-59b30.jpg]
[onemorearts.com/drawings-graphics-photographs,ac257/photo-from-europa-collection-photo-2,101.html]
[onemorearts.com/files/gallery/1/330-zdjecie-glowne-101-photo-from-europa-collection-photo-2-511b0.jpg]
[onemorearts.com/drawings-graphics-photographs,ac257/photo-from-europa-collection-photo-1,100.html]
[onemorearts.com/files/gallery/1/329-zdjecie-glowne-100-photo-from-europa-collection-photo-1-5b219.jpg]
[onemorearts.com/drawings-graphics-photographs,ac257/photo-from-the-middle-east-collection-photo-10,99.html]
[onemorearts.com/files/gallery/1/327-zdjecie-glowne-99-photo-from-the-middle-east-collection-photo-10-5490c.jpg]
[onemorearts.com/drawings-graphics-photographs,ac257/photo-from-the-middle-east-collection-photo-9,98.html]
[onemorearts.com/files/gallery/1/326-zdjecie-glowne-98-photo-from-the-middle-east-collection-photo-9-5f439.jpg]
[onemorearts.com/drawings-graphics-photographs,ac257/photo-from-the-middle-east-collection-photo-8,97.html]
[onemorearts.com/files/gallery/1/325-zdjecie-glowne-97-photo-from-the-middle-east-collection-photo-8-57803.jpg]
[onemorearts.com/drawings-graphics-photographs,ac257/photo-from-the-middle-east-collection-photo-7,96.html]
[onemorearts.com/files/gallery/1/324-zdjecie-glowne-96-photo-from-the-middle-east-collection-photo-7-5d709.jpg]
[onemorearts.com/drawings-graphics-photographs,ac257/photo-from-the-middle-east-collection-photo-6,95.html]
[onemorearts.com/files/gallery/1/323-zdjecie-glowne-95-photo-from-the-middle-east-collection-photo-6-53abb.jpg]
[onemorearts.com/drawings-graphics-photographs,ac257/photo-from-the-middle-east-collection-photo-5,94.html]
[onemorearts.com/files/gallery/1/328-zdjecie-glowne-94-photo-from-the-middle-east-collection-photo-5-55046.jpg]
[onemorearts.com/drawings-graphics-photographs,ac257/photo-from-the-middle-east-collection-photo-4,93.html]
[onemorearts.com/files/gallery/1/321-zdjecie-glowne-93-photo-from-the-middle-east-collection-photo-4-5054d.jpg]
[onemorearts.com/drawings-graphics-photographs,ac257/photo-from-the-middle-east-collection-photo-3,92.html]
[onemorearts.com/files/gallery/1/320-zdjecie-glowne-92-photo-from-the-middle-east-collection-photo-3-563e7.jpg]
[onemorearts.com/drawings-graphics-photographs,ac257/photo-from-the-middle-east-collection-photo-2,91.html]
[onemorearts.com/files/gallery/1/319-zdjecie-glowne-91-photo-from-the-middle-east-collection-photo-2-5e6f5.jpg]
[onemorearts.com/drawings-graphics-photographs,ac257/photo-from-the-middle-east-collection-photo-1,90.html]
[onemorearts.com/files/gallery/1/318-zdjecie-glowne-90-photo-from-the-middle-east-collection-photo-1-51f1b.jpg]
[onemorearts.com/drawings-graphics-photographs,ac2572679.html]
[onemorearts.com/drawings-graphics-photographs,ac2574658.html]
[onemorearts.com/drawings-graphics-photographs,ac257/photo-from-russia-siberia-spitsbergen-collection-photo-10,89.html]
[onemorearts.com/files/gallery/1/289-zdjecie-glowne-89-photo-from-russia-siberia-spitsbergen-collection-photo-10-58ed7.jpg]
[onemorearts.com/drawings-graphics-photographs,ac257/photo-from-russia-siberia-spitsbergen-collection-photo-9,88.html]
[onemorearts.com/files/gallery/1/288-zdjecie-glowne-88-photo-from-russia-siberia-spitsbergen-collection-photo-9-51e46.jpg]
[onemorearts.com/drawings-graphics-photographs,ac257/photo-from-russia-siberia-spitsbergen-collection-photo-8,87.html]
[onemorearts.com/files/gallery/1/287-zdjecie-glowne-87-photo-from-russia-siberia-spitsbergen-collection-photo-8-5c219.jpg]
[onemorearts.com/drawings-graphics-photographs,ac257/photo-from-russia-siberia-spitsbergen-collection-photo-7,86.html]
[onemorearts.com/files/gallery/1/286-zdjecie-glowne-86-photo-from-russia-siberia-spitsbergen-collection-photo-7-55722.jpg]
[onemorearts.com/drawings-graphics-photographs,ac257/photo-from-russia-siberia-spitsbergen-collection-photo-6,85.html]
[onemorearts.com/files/gallery/1/285-zdjecie-glowne-85-photo-from-russia-siberia-spitsbergen-collection-photo-6-5ddce.jpg]
[onemorearts.com/drawings-graphics-photographs,ac257/photo-from-russia-siberia-spitsbergen-collection-photo-5,84.html]
[onemorearts.com/files/gallery/1/284-zdjecie-glowne-84-photo-from-russia-siberia-spitsbergen-collection-photo-5-5ba92.jpg]
[onemorearts.com/drawings-graphics-photographs,ac257/photo-from-russia-siberia-spitsbergen-collection-photo-4,83.html]
[onemorearts.com/files/gallery/1/283-zdjecie-glowne-83-photo-from-russia-siberia-spitsbergen-collection-photo-4-55118.jpg]
[onemorearts.com/drawings-graphics-photographs,ac257/photo-from-russia-siberia-spitsbergen-collection-photo-3,82.html]
[onemorearts.com/files/gallery/1/282-zdjecie-glowne-82-photo-from-russia-siberia-spitsbergen-collection-photo-3-539de.jpg]
[onemorearts.com/drawings-graphics-photographs,ac257/photo-from-russia-siberia-spitsbergen-collection-photo-2,81.html]
[onemorearts.com/files/gallery/1/280-zdjecie-glowne-81-photo-from-russia-siberia-spitsbergen-collection-photo-2-59773.jpg]
[onemorearts.com/drawings-graphics-photographs,ac257/photo-from-russia-siberia-spitsbergen-collection-photo-1,80.html]
[onemorearts.com/files/gallery/1/278-zdjecie-glowne-80-photo-from-russia-siberia-spitsbergen-collection-photo-1-52d9d.jpg]
[onemorearts.com/drawings-graphics-photographs,ac257/photo-from-usa-collection-photo-10,79.html]
[onemorearts.com/files/gallery/1/267-zdjecie-glowne-79-photo-from-usa-collection-photo-10-5e1cc.jpg]
[onemorearts.com/drawings-graphics-photographs,ac257/photo-from-usa-collection-photo-9,78.html]
[onemorearts.com/files/gallery/1/264-zdjecie-glowne-78-photo-from-usa-collection-photo-9-5ae95.jpg]
[onemorearts.com/drawings-graphics-photographs,ac257/photo-from-usa-collection-photo-8,77.html]
[onemorearts.com/files/gallery/1/263-zdjecie-glowne-77-photo-from-usa-collection-photo-8-5c20e.jpg]
[onemorearts.com/drawings-graphics-photographs,ac257/photo-from-usa-collection-photo-7,76.html]
[onemorearts.com/files/gallery/1/262-zdjecie-glowne-76-photo-from-usa-collection-photo-7-5ad70.jpg]
[onemorearts.com/drawings-graphics-photographs,ac257/photo-from-usa-collection-photo-6,75.html]
[onemorearts.com/files/gallery/1/259-zdjecie-glowne-75-photo-from-usa-collection-photo-6-57289.jpg]
[onemorearts.com/drawings-graphics-photographs,ac257/photo-from-usa-collection-photo-5,74.html]
[onemorearts.com/files/gallery/1/261-zdjecie-glowne-74-photo-from-usa-collection-photo-5-5dc09.jpg]
[onemorearts.com/drawings-graphics-photographs,ac257/photo-from-usa-collection-photo-4,73.html]
[onemorearts.com/files/gallery/1/260-zdjecie-glowne-73-photo-from-usa-collection-photo-4-5e462.jpg]
[onemorearts.com/drawings-graphics-photographs,ac257/photo-from-usa-collection-photo-3,72.html]
[onemorearts.com/files/gallery/1/257-zdjecie-glowne-72-photo-from-usa-collection-photo-3-530e8.jpg]
[onemorearts.com/drawings-graphics-photographs,ac257/photo-from-usa-collection-photo-2,71.html]
[onemorearts.com/files/gallery/1/256-zdjecie-glowne-71-photo-from-usa-collection-photo-2-5b4ac.jpg]
[onemorearts.com/drawings-graphics-photographs,ac257/photo-from-usa-collection-photo-1,70.html]
[onemorearts.com/files/gallery/1/255-zdjecie-glowne-70-photo-from-usa-collection-photo-1-5bf1a.jpg]
[onemorearts.com/drawings-graphics-photographs,ac2579ba9.html]
[onemorearts.com/drawings-graphics-photographs,ac257/photo-from-poland-collection-photo-10,69.html]
[onemorearts.com/files/gallery/1/244-zdjecie-glowne-69-photo-from-poland-collection-photo-10-5de16.jpg]
[onemorearts.com/drawings-graphics-photographs,ac257/photo-from-poland-collection-photo-9,68.html]
[onemorearts.com/files/gallery/1/243-zdjecie-glowne-68-photo-from-poland-collection-photo-9-52316.jpg]
[onemorearts.com/drawings-graphics-photographs,ac257/photo-from-poland-collection-photo-8,67.html]
[onemorearts.com/files/gallery/1/242-zdjecie-glowne-67-photo-from-poland-collection-photo-8-5fcd9.jpg]
[onemorearts.com/drawings-graphics-photographs,ac257/photo-from-poland-collection-photo-7,66.html]
[onemorearts.com/files/gallery/1/241-zdjecie-glowne-66-photo-from-poland-collection-photo-7-59763.jpg]
[onemorearts.com/drawings-graphics-photographs,ac257/photo-from-poland-collection-photo-6,65.html]
[onemorearts.com/files/gallery/1/240-zdjecie-glowne-65-photo-from-poland-collection-photo-6-5a388.jpg]
[onemorearts.com/drawings-graphics-photographs,ac257/photo-from-poland-collection-photo-5,64.html]
[onemorearts.com/files/gallery/1/239-zdjecie-glowne-64-photo-from-poland-collection-photo-5-5577b.jpg]
[onemorearts.com/drawings-graphics-photographs,ac257/photo-from-poland-collection-photo-4,63.html]
[onemorearts.com/files/gallery/1/237-zdjecie-glowne-63-photo-from-poland-collection-photo-4-569b7.jpg]
[onemorearts.com/drawings-graphics-photographs,ac257/photo-from-poland-collection-photo-3,62.html]
[onemorearts.com/files/gallery/1/236-zdjecie-glowne-62-photo-from-poland-collection-photo-3-53ebc.jpg]
[onemorearts.com/drawings-graphics-photographs,ac257/photo-from-poland-collection-photo-2,61.html]
[onemorearts.com/files/gallery/1/235-zdjecie-glowne-61-photo-from-poland-collection-photo-2-50355.jpg]
[onemorearts.com/drawings-graphics-photographs,ac257/photo-from-poland-collection-photo-1,60.html]
[onemorearts.com/files/gallery/1/234-zdjecie-glowne-60-photo-from-poland-collection-photo-1-58702.jpg]
[onemorearts.com/drawings-graphics-photographs,ac257/photo-from-kazakhstan-caucasus-collection-photo-10,59.html]
[onemorearts.com/files/gallery/1/221-zdjecie-glowne-59-photos-from-kazakhstan-caucasus-collection-photo-nr-10-5f4db.jpg]
[onemorearts.com/drawings-graphics-photographs,ac257/photo-from-kazakhstan-caucasus-collection-photo-9,58.html]
[onemorearts.com/files/gallery/1/220-zdjecie-glowne-58-photos-from-kazakhstan-caucasus-collection-photo-nr-9-56297.jpg]
[onemorearts.com/drawings-graphics-photographs,ac257/photo-from-kazakhstan-caucasus-collection-photo-8,57.html]
[onemorearts.com/files/gallery/1/219-zdjecie-glowne-57-photos-from-kazakhstan-caucasus-collection-photo-nr-8-54372.jpg]
[onemorearts.com/drawings-graphics-photographs,ac257/photo-from-kazakhstan-caucasus-collection-photo-7,56.html]
[onemorearts.com/files/gallery/1/218-zdjecie-glowne-56-photos-from-kazakhstan-caucasus-collection-photo-nr-7-5d37b.jpg]
[onemorearts.com/drawings-graphics-photographs,ac257/photo-from-kazakhstan-caucasus-collection-photo-6,55.html]
[onemorearts.com/files/gallery/1/217-zdjecie-glowne-55-photos-from-kazakhstan-caucasus-collection-photo-nr-6-559b1.jpg]
[onemorearts.com/drawings-graphics-photographs,ac257/photo-from-kazakhstan-caucasus-collection-photo-5,54.html]
[onemorearts.com/files/gallery/1/223-zdjecie-glowne-54-photos-from-kazakhstan-caucasus-collection-photo-nr-5-5a14d.jpg]
[onemorearts.com/drawings-graphics-photographs,ac257/photo-from-kazakhstan-caucasus-collection-photo-4,53.html]
[onemorearts.com/files/gallery/1/214-zdjecie-glowne-53-photos-from-kazakhstan-caucasus-collection-photo-nr-4-5e54d.jpg]
[onemorearts.com/drawings-graphics-photographs,ac257/photo-from-kazakhstan-caucasus-collection-photo-3,52.html]
[onemorearts.com/files/gallery/1/213-zdjecie-glowne-52-photos-from-kazakhstan-caucasus-collection-photo-nr-3-5cc53.jpg]
[onemorearts.com/drawings-graphics-photographs,ac257/photo-from-kazakhstan-caucasus-collection-photo-2,51.html]
[onemorearts.com/files/gallery/1/212-zdjecie-glowne-51-photos-from-kazakhstan-caucasus-collection-photo-nr-2-53a33.jpg]
[onemorearts.com/drawings-graphics-photographs,ac257/photo-from-kazakhstan-caucasus-collection-photo-1,50.html]
[onemorearts.com/files/gallery/1/211-zdjecie-glowne-50-photos-from-kazakhstan-caucasus-collection-photo-nr-1-5b61f.jpg]
[onemorearts.com/drawings-graphics-photographs,ac257fdb0.html]
[onemorearts.com/drawings-graphics-photographs,ac257/photo-from-latin-america-collection-photo-10,49.html]
[onemorearts.com/files/gallery/1/200-zdjecie-glowne-49-photos-from-latin-america-collection-photo-nr-10-5f0ec.jpg]
[onemorearts.com/drawings-graphics-photographs,ac257/photo-from-latin-america-collection-photo-9,48.html]
[onemorearts.com/files/gallery/1/199-zdjecie-glowne-48-photos-from-latin-america-collection-photo-nr-9-58626.jpg]
[onemorearts.com/drawings-graphics-photographs,ac257/photo-from-latin-america-collection-photo-8,47.html]
[onemorearts.com/files/gallery/1/198-zdjecie-glowne-47-photos-from-latin-america-collection-photo-nr-8-5e088.jpg]
[onemorearts.com/drawings-graphics-photographs,ac257/photo-from-latin-america-collection-photo-7,46.html]
[onemorearts.com/files/gallery/1/197-zdjecie-glowne-46-photos-from-latin-america-collection-photo-nr-7-5aef9.jpg]
[onemorearts.com/drawings-graphics-photographs,ac257/photo-from-latin-america-collection-photo-6,45.html]
[onemorearts.com/files/gallery/1/196-zdjecie-glowne-45-photos-from-latin-america-collection-photo-nr-6-5a414.jpg]
[onemorearts.com/drawings-graphics-photographs,ac257/photo-from-latin-america-collection-photo-5,44.html]
[onemorearts.com/files/gallery/1/195-zdjecie-glowne-44-photos-from-latin-america-collection-photo-nr-5-5ff00.jpg]
[onemorearts.com/drawings-graphics-photographs,ac257/photo-from-latin-america-collection-photo-4,43.html]
[onemorearts.com/files/gallery/1/193-zdjecie-glowne-43-photos-from-latin-america-collection-photo-nr-4-5ac27.jpg]
[onemorearts.com/drawings-graphics-photographs,ac257/photo-from-latin-america-collection-photo-3,42.html]
[onemorearts.com/files/gallery/1/192-zdjecie-glowne-42-photos-from-latin-america-collection-photo-nr-3-51052.jpg]
[onemorearts.com/drawings-graphics-photographs,ac257/photo-from-latin-america-collection-photo-2,41.html]
[onemorearts.com/files/gallery/1/191-zdjecie-glowne-41-photos-from-latin-america-collection-photo-nr-2-59940.jpg]
[onemorearts.com/drawings-graphics-photographs,ac257/photo-from-latin-america-collection-photo-nr-1,40.html]
[onemorearts.com/files/gallery/1/190-zdjecie-glowne-40-photos-from-latin-america-collection-photo-nr-1-5c3ec.jpg]
[onemorearts.com/drawings-graphics-photographs,ac257af4d.html]
[onemorearts.com/files/gallery/1/484-zdjecie-glowne-165-no-name-collection-4-08540.jpg]
[onemorearts.com/sculpture-lamps-and-furniture,ac258/no-name-collection-4,165.html]
[onemorearts.com/files/gallery/1/483-zdjecie-glowne-164-no-name-collection-3-0396a.jpg]
[onemorearts.com/sculpture-lamps-and-furniture,ac258/no-name-collection-3,164.html]
[onemorearts.com/files/gallery/1/482-zdjecie-glowne-163-no-name-collection-2-099a8.jpg]
[onemorearts.com/sculpture-lamps-and-furniture,ac258/no-name-collection-2,163.html]
[onemorearts.com/files/gallery/1/481-zdjecie-glowne-162-no-name-collection-1-0a02a.jpg]
[onemorearts.com/sculpture-lamps-and-furniture,ac258/no-name-collection-1,162.html]
[onemorearts.com/files/gallery/1/480-zdjecie-glowne-161-no-face-she-he-collection-4-06368.jpg]
[onemorearts.com/sculpture-lamps-and-furniture,ac258/no-face-she-he-collection-4,161.html]
[onemorearts.com/files/gallery/1/479-zdjecie-glowne-160-no-face-she-he-collection-3-06611.jpg]
[onemorearts.com/sculpture-lamps-and-furniture,ac258/no-face-she-he-collection-3,160.html]
[onemorearts.com/files/gallery/1/478-zdjecie-glowne-159-no-face-she-he-collection-2-08068.jpg]
[onemorearts.com/sculpture-lamps-and-furniture,ac258/no-face-she-he-collection-2,159.html]
[onemorearts.com/files/gallery/1/477-zdjecie-glowne-158-no-face-she-he-collection-1-0b2bf.jpg]
[onemorearts.com/sculpture-lamps-and-furniture,ac258/no-face-she-he-collection-1,158.html]
[onemorearts.com/files/gallery/1/476-zdjecie-glowne-157-him-collection-3-01c14.jpg]
[onemorearts.com/sculpture-lamps-and-furniture,ac258/him-collection-3,157.html]
[onemorearts.com/files/gallery/1/475-zdjecie-glowne-156-him-collection-2-03c4b.jpg]
[onemorearts.com/sculpture-lamps-and-furniture,ac258/him-collection-2,156.html]
[onemorearts.com/files/gallery/1/474-zdjecie-glowne-155-him-collection-1-0935a.jpg]
[onemorearts.com/sculpture-lamps-and-furniture,ac258/him-collection-1,155.html]
[onemorearts.com/files/gallery/1/456-zdjecie-glowne-152-her-eyes-collection-4-09cbb.jpg]
[onemorearts.com/sculpture-lamps-and-furniture,ac258/her-eyes-collection-4,152.html]
[onemorearts.com/files/gallery/1/462-zdjecie-glowne-154-her-eyes-collection-3-05ff9.jpg]
[onemorearts.com/sculpture-lamps-and-furniture,ac258/her-eyes-collection-3,154.html]
[onemorearts.com/files/gallery/1/454-zdjecie-glowne-150-her-eyes-collection-2-04270.jpg]
[onemorearts.com/sculpture-lamps-and-furniture,ac258/her-eyes-collection-2,150.html]
[onemorearts.com/files/gallery/1/453-zdjecie-glowne-149-her-eyes-collection-1-03028.jpg]
[onemorearts.com/sculpture-lamps-and-furniture,ac258/her-eyes-collection-1,149.html]
[onemorearts.com/files/gallery/1/452-zdjecie-glowne-148-he-collection-3-04f7f.jpg]
[onemorearts.com/sculpture-lamps-and-furniture,ac258/he-collection-3,148.html]
[onemorearts.com/files/gallery/1/451-zdjecie-glowne-147-he-collection-2-03f94.jpg]
[onemorearts.com/sculpture-lamps-and-furniture,ac258/he-collection-2,147.html]
[onemorearts.com/files/gallery/1/448-zdjecie-glowne-145-he-collection-1-0fd3f.jpg]
[onemorearts.com/sculpture-lamps-and-furniture,ac258/he-collection-1,145.html]
[onemorearts.com/files/gallery/1/457-zdjecie-glowne-153-face-man-collection-2-0e3d8.jpg]
[onemorearts.com/sculpture-lamps-and-furniture,ac258/face-man-collection-2,153.html]
[onemorearts.com/files/gallery/1/445-zdjecie-glowne-143-face-man-collection-1-02e5c.jpg]
[onemorearts.com/sculpture-lamps-and-furniture,ac258/face-man-collection-1,143.html]
[onemorearts.com/sculpture-lamps-and-furniture,ac258/face-collection-3,142.html]
[onemorearts.com/files/gallery/1/444-zdjecie-glowne-142-face-collection-3-57d3d.jpg]
[onemorearts.com/sculpture-lamps-and-furniture,ac258/face-collection-2,141.html]
[onemorearts.com/files/gallery/1/443-zdjecie-glowne-141-face-collection-2-539f6.jpg]
[onemorearts.com/sculpture-lamps-and-furniture,ac258/face-collection-1,140.html]
[onemorearts.com/files/gallery/1/442-zdjecie-glowne-140-face-collection-1-5bc8e.jpg]
[onemorearts.com/sculpture-lamps-and-furniture,ac258/back-collection-2,139.html]
[onemorearts.com/files/gallery/1/441-zdjecie-glowne-139-back-2-51d46.jpg]
[onemorearts.com/sculpture-lamps-and-furniture,ac258/back-collection-1,138.html]
[onemorearts.com/files/gallery/1/440-zdjecie-glowne-138-back-collection-1-5e20f.jpg]
[onemorearts.com/sculpture-lamps-and-furniture,ac258/light-up-5,133.html]
[onemorearts.com/files/gallery/1/411-zdjecie-glowne-133-light-up-5-5733c.jpg]
[onemorearts.com/sculpture-lamps-and-furniture,ac258/light-up-4,132.html]
[onemorearts.com/files/gallery/1/410-zdjecie-glowne-132-light-up-4-5db44.jpg]
[onemorearts.com/sculpture-lamps-and-furniture,ac258/light-up-2,131.html]
[onemorearts.com/files/gallery/1/408-zdjecie-glowne-131-light-up-2-5718c.jpg]
[onemorearts.com/sculpture-lamps-and-furniture,ac258/light-up-1,130.html]
[onemorearts.com/files/gallery/1/406-zdjecie-glowne-130-light-up-1-53c53.jpg]
[onemorearts.com/sculpture-lamps-and-furniture,ac2582679.html]
[onemorearts.com/sculpture-lamps-and-furniture,ac2584658.html]
[onemorearts.com/assets/admin/vendor/plugins/jqueryupload/plugins/blueimp/img/loading.svg]
[onemorearts.com/assets/admin/vendor/plugins/jqueryupload/plugins/blueimp/img/error.svg]
[onemorearts.com/assets/admin/vendor/plugins/jqueryupload/plugins/blueimp/img/prev.svg]
[onemorearts.com/assets/admin/vendor/plugins/jqueryupload/plugins/blueimp/img/next.svg]
[onemorearts.com/assets/admin/vendor/plugins/jqueryupload/plugins/blueimp/img/close.svg]
[onemorearts.com/assets/admin/vendor/plugins/jqueryupload/plugins/blueimp/img/play-pause.svg]
[onemorearts.com/assets/admin/vendor/plugins/jqueryupload/plugins/blueimp/img/video-play.svg]
[onemorearts.com/assets/admin/fonts/font-awesome/fonts/fontawesome-webfonte0a5.svg]
[onemorearts.com/files/gallery/1/116-zdjecie-glowne-17-golden-manhattan-0a8d2.jpg]
[onemorearts.com/paintings-and-sculptures,ac256/golden-manhattan,17.html]
[onemorearts.com/files/gallery/1/115-zdjecie-glowne-16-three-ballerinas-lemon-orange-lime-0f8a6.jpg]
[onemorearts.com/paintings-and-sculptures,ac256/three-ballerinas-lemon-orange-lime,16.html]
[onemorearts.com/files/gallery/1/114-zdjecie-glowne-15-horse-009bf.jpg]
[onemorearts.com/paintings-and-sculptures,ac256/horse,15.html]
[onemorearts.com/files/gallery/1/112-zdjecie-glowne-14-face-04306.jpg]
[onemorearts.com/paintings-and-sculptures,ac256/face,14.html]
[onemorearts.com/files/gallery/1/111-zdjecie-glowne-13-tuscany-alley-0ed8c.jpg]
[onemorearts.com/paintings-and-sculptures,ac256/tuscany-alley,13.html]
[onemorearts.com/files/gallery/1/81-zdjecie-glowne-12-tiger-0d797.jpg]
[onemorearts.com/paintings-and-sculptures,ac256/tiger,12.html]
[onemorearts.com/files/gallery/1/80-zdjecie-glowne-11-sleeping-aphrodite-08f02.jpg]
[onemorearts.com/paintings-and-sculptures,ac256/sleeping-aphrodite,11.html]
[onemorearts.com/files/gallery/1/76-zdjecie-glowne-9-pegasus-08ea4.jpg]
[onemorearts.com/paintings-and-sculptures,ac256/pegasus,9.html]
[onemorearts.com/files/gallery/1/65-zdjecie-glowne-7-spinning-dervish-06bf7.jpg]
[onemorearts.com/paintings-and-sculptures,ac256/spinning-dervish,7.html]
[onemorearts.com/files/gallery/1/64-zdjecie-glowne-6-true-love-0758a.jpg]
[onemorearts.com/paintings-and-sculptures,ac256/true-love,6.html]
[onemorearts.com/files/gallery/1/66-zdjecie-glowne-8-africa-child-05a03.jpg]
[onemorearts.com/paintings-and-sculptures,ac256/africa-child,8.html]
[onemorearts.com/files/gallery/1/50-zdjecie-glowne-5-white-horse-0b75b.jpg]
[onemorearts.com/paintings-and-sculptures,ac256/white-horse,5.html]
[onemorearts.com/files/gallery/1/40-zdjecie-glowne-4-evanescence-0f76e.jpg]
[onemorearts.com/paintings-and-sculptures,ac256/evanescence,4.html]
[onemorearts.com/files/gallery/1/52-zdjecie-glowne-3-ukraine-0bd1e.jpg]
[onemorearts.com/paintings-and-sculptures,ac256/ukraine,3.html]
[onemorearts.com/files/gallery/1/16-zdjecie-glowne-2-transcendence-02b4f.jpg]
[onemorearts.com/paintings-and-sculptures,ac256/transcendence,2.html]
[onemorearts.com/paintings-and-sculptures,ac2562679.html]
[onemorearts.com/files/gallery/1/338-zdjecie-glowne-109-photo-from-europa-collection-photo-10-0ac53.jpg]
[onemorearts.com/drawings-graphics-photographs,ac257/photo-from-europa-collection-photo-10,109.html]
[onemorearts.com/files/gallery/6/317-galeria-zdjecia-575a5.jpg]
[onemorearts.com/files/gallery/1/337-zdjecie-glowne-108-photo-from-europa-collection-photo-9-096b8.jpg]
[onemorearts.com/drawings-graphics-photographs,ac257/photo-from-europa-collection-photo-9,108.html]
[onemorearts.com/files/gallery/6/316-galeria-zdjecia-575a5.jpg]
[onemorearts.com/files/gallery/1/336-zdjecie-glowne-107-photo-from-europa-collection-photo-8-0f37b.jpg]
[onemorearts.com/files/gallery/6/315-galeria-zdjecia-575a5.jpg]
[onemorearts.com/drawings-graphics-photographs,ac257/photo-from-europa-collection-photo-8,107.html]
[onemorearts.com/files/gallery/1/335-zdjecie-glowne-106-photo-from-europa-collection-photo-7-0fcc4.jpg]
[onemorearts.com/drawings-graphics-photographs,ac257/photo-from-europa-collection-photo-7,106.html]
[onemorearts.com/files/gallery/6/314-galeria-zdjecia-575a5.jpg]
[onemorearts.com/files/gallery/1/334-zdjecie-glowne-105-photo-from-europa-collection-photo-6-0e878.jpg]
[onemorearts.com/drawings-graphics-photographs,ac257/photo-from-europa-collection-photo-6,105.html]
[onemorearts.com/files/gallery/6/313-galeria-zdjecia-575a5.jpg]
[onemorearts.com/files/gallery/1/333-zdjecie-glowne-104-photo-from-europa-collection-photo-5-0382b.jpg]
[onemorearts.com/drawings-graphics-photographs,ac257/photo-from-europa-collection-photo-5,104.html]
[onemorearts.com/files/gallery/1/332-zdjecie-glowne-103-photo-from-europa-collection-photo-4-02df3.jpg]
[onemorearts.com/drawings-graphics-photographs,ac257/photo-from-europa-collection-photo-4,103.html]
[onemorearts.com/files/gallery/1/331-zdjecie-glowne-102-photo-from-europa-collection-photo-3-09b30.jpg]
[onemorearts.com/drawings-graphics-photographs,ac257/photo-from-europa-collection-photo-3,102.html]
[onemorearts.com/files/gallery/1/330-zdjecie-glowne-101-photo-from-europa-collection-photo-2-011b0.jpg]
[onemorearts.com/drawings-graphics-photographs,ac257/photo-from-europa-collection-photo-2,101.html]
[onemorearts.com/files/gallery/1/329-zdjecie-glowne-100-photo-from-europa-collection-photo-1-0b219.jpg]
[onemorearts.com/drawings-graphics-photographs,ac257/photo-from-europa-collection-photo-1,100.html]
[onemorearts.com/files/gallery/1/327-zdjecie-glowne-99-photo-from-the-middle-east-collection-photo-10-0490c.jpg]
[onemorearts.com/drawings-graphics-photographs,ac257/photo-from-the-middle-east-collection-photo-10,99.html]
[onemorearts.com/files/gallery/6/307-galeria-zdjecia-5466a.jpg]
[onemorearts.com/files/gallery/1/326-zdjecie-glowne-98-photo-from-the-middle-east-collection-photo-9-0f439.jpg]
[onemorearts.com/files/gallery/6/306-galeria-zdjecia-57b43.jpg]
[onemorearts.com/drawings-graphics-photographs,ac257/photo-from-the-middle-east-collection-photo-9,98.html]
[onemorearts.com/files/gallery/1/325-zdjecie-glowne-97-photo-from-the-middle-east-collection-photo-8-07803.jpg]
[onemorearts.com/files/gallery/6/305-galeria-zdjecia-57b43.jpg]
[onemorearts.com/drawings-graphics-photographs,ac257/photo-from-the-middle-east-collection-photo-8,97.html]
[onemorearts.com/files/gallery/1/324-zdjecie-glowne-96-photo-from-the-middle-east-collection-photo-7-0d709.jpg]
[onemorearts.com/files/gallery/6/304-galeria-zdjecia-57b43.jpg]
[onemorearts.com/drawings-graphics-photographs,ac257/photo-from-the-middle-east-collection-photo-7,96.html]
[onemorearts.com/files/gallery/1/323-zdjecie-glowne-95-photo-from-the-middle-east-collection-photo-6-03abb.jpg]
[onemorearts.com/drawings-graphics-photographs,ac257/photo-from-the-middle-east-collection-photo-6,95.html]
[onemorearts.com/files/gallery/6/303-galeria-zdjecia-5d43d.jpg]
[onemorearts.com/files/gallery/1/328-zdjecie-glowne-94-photo-from-the-middle-east-collection-photo-5-05046.jpg]
[onemorearts.com/drawings-graphics-photographs,ac257/photo-from-the-middle-east-collection-photo-5,94.html]
[onemorearts.com/files/gallery/1/321-zdjecie-glowne-93-photo-from-the-middle-east-collection-photo-4-0054d.jpg]
[onemorearts.com/drawings-graphics-photographs,ac257/photo-from-the-middle-east-collection-photo-4,93.html]
[onemorearts.com/files/gallery/1/320-zdjecie-glowne-92-photo-from-the-middle-east-collection-photo-3-063e7.jpg]
[onemorearts.com/drawings-graphics-photographs,ac257/photo-from-the-middle-east-collection-photo-3,92.html]
[onemorearts.com/files/gallery/1/319-zdjecie-glowne-91-photo-from-the-middle-east-collection-photo-2-0e6f5.jpg]
[onemorearts.com/files/gallery/6/299-galeria-zdjecia-5c3bf.jpg]
[onemorearts.com/drawings-graphics-photographs,ac257/photo-from-the-middle-east-collection-photo-2,91.html]
[onemorearts.com/files/gallery/1/318-zdjecie-glowne-90-photo-from-the-middle-east-collection-photo-1-01f1b.jpg]
[onemorearts.com/drawings-graphics-photographs,ac257/photo-from-the-middle-east-collection-photo-1,90.html]
[onemorearts.com/drawings-graphics-photographs,ac2572679.html]
[onemorearts.com/files/gallery/1/289-zdjecie-glowne-89-photo-from-russia-siberia-spitsbergen-collection-photo-10-08ed7.jpg]
[onemorearts.com/drawings-graphics-photographs,ac257/photo-from-russia-siberia-spitsbergen-collection-photo-10,89.html]
[onemorearts.com/files/gallery/1/288-zdjecie-glowne-88-photo-from-russia-siberia-spitsbergen-collection-photo-9-01e46.jpg]
[onemorearts.com/drawings-graphics-photographs,ac257/photo-from-russia-siberia-spitsbergen-collection-photo-9,88.html]
[onemorearts.com/files/gallery/1/287-zdjecie-glowne-87-photo-from-russia-siberia-spitsbergen-collection-photo-8-0c219.jpg]
[onemorearts.com/drawings-graphics-photographs,ac257/photo-from-russia-siberia-spitsbergen-collection-photo-8,87.html]
[onemorearts.com/files/gallery/1/286-zdjecie-glowne-86-photo-from-russia-siberia-spitsbergen-collection-photo-7-05722.jpg]
[onemorearts.com/drawings-graphics-photographs,ac257/photo-from-russia-siberia-spitsbergen-collection-photo-7,86.html]
[onemorearts.com/files/gallery/1/285-zdjecie-glowne-85-photo-from-russia-siberia-spitsbergen-collection-photo-6-0ddce.jpg]
[onemorearts.com/drawings-graphics-photographs,ac257/photo-from-russia-siberia-spitsbergen-collection-photo-6,85.html]
[onemorearts.com/files/gallery/1/284-zdjecie-glowne-84-photo-from-russia-siberia-spitsbergen-collection-photo-5-0ba92.jpg]
[onemorearts.com/drawings-graphics-photographs,ac257/photo-from-russia-siberia-spitsbergen-collection-photo-5,84.html]
[onemorearts.com/files/gallery/1/283-zdjecie-glowne-83-photo-from-russia-siberia-spitsbergen-collection-photo-4-05118.jpg]
[onemorearts.com/drawings-graphics-photographs,ac257/photo-from-russia-siberia-spitsbergen-collection-photo-4,83.html]
[onemorearts.com/files/gallery/1/282-zdjecie-glowne-82-photo-from-russia-siberia-spitsbergen-collection-photo-3-039de.jpg]
[onemorearts.com/drawings-graphics-photographs,ac257/photo-from-russia-siberia-spitsbergen-collection-photo-3,82.html]
[onemorearts.com/files/gallery/1/280-zdjecie-glowne-81-photo-from-russia-siberia-spitsbergen-collection-photo-2-09773.jpg]
[onemorearts.com/drawings-graphics-photographs,ac257/photo-from-russia-siberia-spitsbergen-collection-photo-2,81.html]
[onemorearts.com/files/gallery/1/278-zdjecie-glowne-80-photo-from-russia-siberia-spitsbergen-collection-photo-1-02d9d.jpg]
[onemorearts.com/drawings-graphics-photographs,ac257/photo-from-russia-siberia-spitsbergen-collection-photo-1,80.html]
[onemorearts.com/files/gallery/1/267-zdjecie-glowne-79-photo-from-usa-collection-photo-10-0e1cc.jpg]
[onemorearts.com/drawings-graphics-photographs,ac257/photo-from-usa-collection-photo-10,79.html]
[onemorearts.com/files/gallery/1/264-zdjecie-glowne-78-photo-from-usa-collection-photo-9-0ae95.jpg]
[onemorearts.com/drawings-graphics-photographs,ac257/photo-from-usa-collection-photo-9,78.html]
[onemorearts.com/files/gallery/1/263-zdjecie-glowne-77-photo-from-usa-collection-photo-8-0c20e.jpg]
[onemorearts.com/drawings-graphics-photographs,ac257/photo-from-usa-collection-photo-8,77.html]
[onemorearts.com/files/gallery/1/262-zdjecie-glowne-76-photo-from-usa-collection-photo-7-0ad70.jpg]
[onemorearts.com/drawings-graphics-photographs,ac257/photo-from-usa-collection-photo-7,76.html]
[onemorearts.com/files/gallery/1/259-zdjecie-glowne-75-photo-from-usa-collection-photo-6-07289.jpg]
[onemorearts.com/drawings-graphics-photographs,ac257/photo-from-usa-collection-photo-6,75.html]
[onemorearts.com/files/gallery/1/261-zdjecie-glowne-74-photo-from-usa-collection-photo-5-0dc09.jpg]
[onemorearts.com/drawings-graphics-photographs,ac257/photo-from-usa-collection-photo-5,74.html]
[onemorearts.com/files/gallery/1/260-zdjecie-glowne-73-photo-from-usa-collection-photo-4-0e462.jpg]
[onemorearts.com/drawings-graphics-photographs,ac257/photo-from-usa-collection-photo-4,73.html]
[onemorearts.com/files/gallery/1/257-zdjecie-glowne-72-photo-from-usa-collection-photo-3-030e8.jpg]
[onemorearts.com/drawings-graphics-photographs,ac257/photo-from-usa-collection-photo-3,72.html]
[onemorearts.com/files/gallery/1/256-zdjecie-glowne-71-photo-from-usa-collection-photo-2-0b4ac.jpg]
[onemorearts.com/drawings-graphics-photographs,ac257/photo-from-usa-collection-photo-2,71.html]
[onemorearts.com/files/gallery/1/255-zdjecie-glowne-70-photo-from-usa-collection-photo-1-0bf1a.jpg]
[onemorearts.com/drawings-graphics-photographs,ac257/photo-from-usa-collection-photo-1,70.html]
[onemorearts.com/files/gallery/1/244-zdjecie-glowne-69-photo-from-poland-collection-photo-10-0de16.jpg]
[onemorearts.com/files/gallery/6/233-galeria-zdjecia-5e1f3.jpg]
[onemorearts.com/drawings-graphics-photographs,ac257/photo-from-poland-collection-photo-10,69.html]
[onemorearts.com/files/gallery/1/243-zdjecie-glowne-68-photo-from-poland-collection-photo-9-02316.jpg]
[onemorearts.com/drawings-graphics-photographs,ac257/photo-from-poland-collection-photo-9,68.html]
[onemorearts.com/files/gallery/6/232-galeria-zdjecia-5e1f3.jpg]
[onemorearts.com/files/gallery/1/242-zdjecie-glowne-67-photo-from-poland-collection-photo-8-0fcd9.jpg]
[onemorearts.com/drawings-graphics-photographs,ac257/photo-from-poland-collection-photo-8,67.html]
[onemorearts.com/files/gallery/6/231-galeria-zdjecia-5e1f3.jpg]
[onemorearts.com/files/gallery/1/241-zdjecie-glowne-66-photo-from-poland-collection-photo-7-09763.jpg]
[onemorearts.com/drawings-graphics-photographs,ac257/photo-from-poland-collection-photo-7,66.html]
[onemorearts.com/files/gallery/6/230-galeria-zdjecia-5e1f3.jpg]
[onemorearts.com/files/gallery/1/240-zdjecie-glowne-65-photo-from-poland-collection-photo-6-0a388.jpg]
[onemorearts.com/drawings-graphics-photographs,ac257/photo-from-poland-collection-photo-6,65.html]
[onemorearts.com/files/gallery/6/229-galeria-zdjecia-5e1f3.jpg]
[onemorearts.com/files/gallery/1/239-zdjecie-glowne-64-photo-from-poland-collection-photo-5-0577b.jpg]
[onemorearts.com/drawings-graphics-photographs,ac257/photo-from-poland-collection-photo-5,64.html]
[onemorearts.com/files/gallery/6/228-galeria-zdjecia-5e1f3.jpg]
[onemorearts.com/files/gallery/1/237-zdjecie-glowne-63-photo-from-poland-collection-photo-4-069b7.jpg]
[onemorearts.com/files/gallery/6/227-galeria-zdjecia-5e1f3.jpg]
[onemorearts.com/drawings-graphics-photographs,ac257/photo-from-poland-collection-photo-4,63.html]
[onemorearts.com/files/gallery/1/236-zdjecie-glowne-62-photo-from-poland-collection-photo-3-03ebc.jpg]
[onemorearts.com/files/gallery/6/226-galeria-zdjecia-5e1f3.jpg]
[onemorearts.com/drawings-graphics-photographs,ac257/photo-from-poland-collection-photo-3,62.html]
[onemorearts.com/files/gallery/1/235-zdjecie-glowne-61-photo-from-poland-collection-photo-2-00355.jpg]
[onemorearts.com/drawings-graphics-photographs,ac257/photo-from-poland-collection-photo-2,61.html]
[onemorearts.com/files/gallery/1/234-zdjecie-glowne-60-photo-from-poland-collection-photo-1-08702.jpg]
[onemorearts.com/drawings-graphics-photographs,ac257/photo-from-poland-collection-photo-1,60.html]
[onemorearts.com/files/gallery/1/221-zdjecie-glowne-59-photos-from-kazakhstan-caucasus-collection-photo-nr-10-0f4db.jpg]
[onemorearts.com/drawings-graphics-photographs,ac257/photo-from-kazakhstan-caucasus-collection-photo-10,59.html]
[onemorearts.com/files/gallery/6/210-galeria-zdjecia-529ac.jpg]
[onemorearts.com/files/gallery/1/220-zdjecie-glowne-58-photos-from-kazakhstan-caucasus-collection-photo-nr-9-06297.jpg]
[onemorearts.com/drawings-graphics-photographs,ac257/photo-from-kazakhstan-caucasus-collection-photo-9,58.html]
[onemorearts.com/files/gallery/1/219-zdjecie-glowne-57-photos-from-kazakhstan-caucasus-collection-photo-nr-8-04372.jpg]
[onemorearts.com/drawings-graphics-photographs,ac257/photo-from-kazakhstan-caucasus-collection-photo-8,57.html]
[onemorearts.com/files/gallery/1/218-zdjecie-glowne-56-photos-from-kazakhstan-caucasus-collection-photo-nr-7-0d37b.jpg]
[onemorearts.com/drawings-graphics-photographs,ac257/photo-from-kazakhstan-caucasus-collection-photo-7,56.html]
[onemorearts.com/files/gallery/1/217-zdjecie-glowne-55-photos-from-kazakhstan-caucasus-collection-photo-nr-6-059b1.jpg]
[onemorearts.com/drawings-graphics-photographs,ac257/photo-from-kazakhstan-caucasus-collection-photo-6,55.html]
[onemorearts.com/files/gallery/1/223-zdjecie-glowne-54-photos-from-kazakhstan-caucasus-collection-photo-nr-5-0a14d.jpg]
[onemorearts.com/drawings-graphics-photographs,ac257/photo-from-kazakhstan-caucasus-collection-photo-5,54.html]
[onemorearts.com/files/gallery/1/214-zdjecie-glowne-53-photos-from-kazakhstan-caucasus-collection-photo-nr-4-0e54d.jpg]
[onemorearts.com/drawings-graphics-photographs,ac257/photo-from-kazakhstan-caucasus-collection-photo-4,53.html]
[onemorearts.com/files/gallery/1/213-zdjecie-glowne-52-photos-from-kazakhstan-caucasus-collection-photo-nr-3-0cc53.jpg]
[onemorearts.com/drawings-graphics-photographs,ac257/photo-from-kazakhstan-caucasus-collection-photo-3,52.html]
[onemorearts.com/files/gallery/1/212-zdjecie-glowne-51-photos-from-kazakhstan-caucasus-collection-photo-nr-2-03a33.jpg]
[onemorearts.com/drawings-graphics-photographs,ac257/photo-from-kazakhstan-caucasus-collection-photo-2,51.html]
[onemorearts.com/files/gallery/1/211-zdjecie-glowne-50-photos-from-kazakhstan-caucasus-collection-photo-nr-1-0b61f.jpg]
[onemorearts.com/drawings-graphics-photographs,ac257/photo-from-kazakhstan-caucasus-collection-photo-1,50.html]
[onemorearts.com/files/gallery/1/200-zdjecie-glowne-49-photos-from-latin-america-collection-photo-nr-10-0f0ec.jpg]
[onemorearts.com/drawings-graphics-photographs,ac257/photo-from-latin-america-collection-photo-10,49.html]
[onemorearts.com/files/gallery/1/199-zdjecie-glowne-48-photos-from-latin-america-collection-photo-nr-9-08626.jpg]
[onemorearts.com/drawings-graphics-photographs,ac257/photo-from-latin-america-collection-photo-9,48.html]
[onemorearts.com/files/gallery/1/198-zdjecie-glowne-47-photos-from-latin-america-collection-photo-nr-8-0e088.jpg]
[onemorearts.com/drawings-graphics-photographs,ac257/photo-from-latin-america-collection-photo-8,47.html]
[onemorearts.com/files/gallery/1/197-zdjecie-glowne-46-photos-from-latin-america-collection-photo-nr-7-0aef9.jpg]
[onemorearts.com/drawings-graphics-photographs,ac257/photo-from-latin-america-collection-photo-7,46.html]
[onemorearts.com/files/gallery/1/196-zdjecie-glowne-45-photos-from-latin-america-collection-photo-nr-6-0a414.jpg]
[onemorearts.com/drawings-graphics-photographs,ac257/photo-from-latin-america-collection-photo-6,45.html]
[onemorearts.com/files/gallery/1/195-zdjecie-glowne-44-photos-from-latin-america-collection-photo-nr-5-0ff00.jpg]
[onemorearts.com/drawings-graphics-photographs,ac257/photo-from-latin-america-collection-photo-5,44.html]
[onemorearts.com/files/gallery/1/193-zdjecie-glowne-43-photos-from-latin-america-collection-photo-nr-4-0ac27.jpg]
[onemorearts.com/drawings-graphics-photographs,ac257/photo-from-latin-america-collection-photo-4,43.html]
[onemorearts.com/files/gallery/1/192-zdjecie-glowne-42-photos-from-latin-america-collection-photo-nr-3-01052.jpg]
[onemorearts.com/drawings-graphics-photographs,ac257/photo-from-latin-america-collection-photo-3,42.html]
[onemorearts.com/files/gallery/1/191-zdjecie-glowne-41-photos-from-latin-america-collection-photo-nr-2-09940.jpg]
[onemorearts.com/drawings-graphics-photographs,ac257/photo-from-latin-america-collection-photo-2,41.html]
[onemorearts.com/files/gallery/1/190-zdjecie-glowne-40-photos-from-latin-america-collection-photo-nr-1-0c3ec.jpg]
[onemorearts.com/drawings-graphics-photographs,ac257/photo-from-latin-america-collection-photo-nr-1,40.html]
[onemorearts.com/files/gallery/1/444-zdjecie-glowne-142-face-collection-3-07d3d.jpg]
[onemorearts.com/sculpture-lamps-and-furniture,ac258/face-collection-3,142.html]
[onemorearts.com/files/gallery/1/443-zdjecie-glowne-141-face-collection-2-039f6.jpg]
[onemorearts.com/sculpture-lamps-and-furniture,ac258/face-collection-2,141.html]
[onemorearts.com/files/gallery/1/442-zdjecie-glowne-140-face-collection-1-0bc8e.jpg]
[onemorearts.com/sculpture-lamps-and-furniture,ac258/face-collection-1,140.html]
[onemorearts.com/files/gallery/1/441-zdjecie-glowne-139-back-2-01d46.jpg]
[onemorearts.com/sculpture-lamps-and-furniture,ac258/back-collection-2,139.html]
[onemorearts.com/files/gallery/1/440-zdjecie-glowne-138-back-collection-1-0e20f.jpg]
[onemorearts.com/sculpture-lamps-and-furniture,ac258/back-collection-1,138.html]
[onemorearts.com/files/gallery/1/411-zdjecie-glowne-133-light-up-5-0733c.jpg]
[onemorearts.com/sculpture-lamps-and-furniture,ac258/light-up-5,133.html]
[onemorearts.com/files/gallery/1/410-zdjecie-glowne-132-light-up-4-0db44.jpg]
[onemorearts.com/sculpture-lamps-and-furniture,ac258/light-up-4,132.html]
[onemorearts.com/files/gallery/1/408-zdjecie-glowne-131-light-up-2-0718c.jpg]
[onemorearts.com/sculpture-lamps-and-furniture,ac258/light-up-2,131.html]
[onemorearts.com/files/gallery/1/406-zdjecie-glowne-130-light-up-1-03c53.jpg]
[onemorearts.com/files/gallery/6/412-galeria-zdjecia-5c351.jpg]
[onemorearts.com/files/gallery/6/416-galeria-zdjecia-55713.jpg]
[onemorearts.com/sculpture-lamps-and-furniture,ac258/light-up-1,130.html]
[onemorearts.com/sculpture-lamps-and-furniture,ac2582679.html]
